để hợp_thức “ tiền bẩn ” , trong khi “ ông trùm ” nguyễn_văn_dương chọn cách rửa tiền qua bot bắc_giang - lạng_sơn thì phan_sào_nam chuyển tiền lòng_vòng qua nhiều nấc trung_gian đến người_thân , bạn_bè để gửi tiết_kiệm , đầu_tư góp vốn vào các dự_án , mua bất_động_sản … để rửa hàng nghìn tỷ_số tiền thu lời bất_chính , nam cũng không ngại ngần đưa cả dì ruột của mình vào vòng xoáy lao_lý .