cơ_quan điều_tra bộ công_an cho rằng , chưa đủ căn_cứ xem_xét xử_lý hình_sự đối_với nguyên chủ_tịch ubnd tp. hcm lê_hoàng_quân và các thành_viên ban chỉ_đạo 09 . tuy_nhiên , các cá_nhân này được xác_định có liên_quan đến những sai_phạm khi giao khu đất 15 thi_sách cho công_ty của vũ “ nhôm ” , nên cần có hình_thức xử_lý nghiêm .