ngày 22/11 , đại_diện cơ_quan csđt công_an tp. phan_rang - tháp_chàm , tỉnh ninh_thuận cho biết , đang làm rõ nguyên_nhân tử_vong của một sản_phụ khi đến phá_thai tại cơ_sở chuyên khám sản_phụ khoa của bà vũ_thị_lâm ( 62 tuổi , ngụ khu_phố 2 , phường thanh_sơn , tp. phan_rang – tháp_chàm , tỉnh ninh_thuận ) .