trước sự_việc học_sinh bị cô_giáo mầm_non đánh bầm tím , trầy_xước , luật_sư cho_biết phụ_huynh có quyền yêu_cầu đòi bồi_thường bù_đắp tổn_thất về tinh_thần . trong trường_hợp các bên không thoả_thuận được thì mức tối_đa cho một người có sức_khoẻ bị xâm_phạm không quá năm mươi lần mức lương cơ_sở do nhà_nước quy_định .