sự_việc cơ_quan_chức_năng ở thanh_hoá vừa giải_cứu ông năm , trú tại xã xuân_thiên , huyện thọ_xuân , sau khi ông này bị vợ nhốt trong “ chuồng cọp ” , cách_ly với thế_giới bên ngoài suốt hơn 3 năm qua , đang khiến dư_luận xôn_xao . trong khi bà vợ bảo ông này tự_nguyện giam mình để cai_nghiện ma_tuý , thì ông năm lại cho_rằng đó là thông_tin bịa_đặt .