hai chiếc xe ô_tô chở gỗ lậu khi đến chốt kiểm_lâm thì dừng 3s rồi ung_dung qua rào_chắn barie phóng đi . tuy_nhiên , vượt trạm chưa được bao_xa thì bị lực_lượng công_an huyện mật phục bắt gọn . qua trích xuất camera lực_lượng chức_năng phát_hiện có 10 xe ô_tô khác nghi chở gỗ lậu cũng qua chốt kiểm_lâm thành_công bằng phương_thức đó .