bản_thân là nữ nhi , nhưng “ hằng liên_xô ” là đối_tượng tội_phạm ma_tuý đặc_biệt nguy_hiểm với nhiều thủ_đoạn ranh_ma . thị thiết_lập một đường_dây mua_bán “ cái_chết_trắng ” tinh_vi , khi nhận nhiều đối_tượng nghiện ma_tuý làm con_nuôi , cung_cấp ma_tuý cho chúng sử_dụng , đồng_thời khống_chế , lợi_dụng chúng để mua_bán ma_tuý .