vừa_qua ở việt_nam vừa xuất_hiện một loại nấm gọi là “ nấm thần ” hay “ nấm ma_thuật ” đang thu_hút giới trẻ mua để sử_dụng . tuy_nhiên , qua kiểm_định , phát_hiện trong nấm có chất psilocine và psilotcin . hai hoạt_chất này nằm trong danh_mục 1 - các chất ma_tuý tuyệt_đối cấm sử_dụng cả trong y_học lẫn đời_sống xã_hội .