an_ninh hình_sự 24h qua : hé lộ nguyên_nhân phó chánh thanh_tra tỉnh quảng_nam tử_vong tại trụ_sở ; thủ_đoạn giúp " nữ quái " 9x lừa_đảo , chiếm_đoạt hơn 60 tỷ đồng ; bắt 1 đối_tượng trong vụ nhân_viên an_ninh sân_bay bị đánh gãy răng ; giám_định sức_khoẻ người đàn_ông nghi tâm_thần , chém chết mẹ trong đêm …