phát_hiện thắng vẫn còn lưu_giữ hàng_loạt tin_nhắn , hình_ảnh của người_yêu cũ nên chị t. chủ_động chia_tay và huỷ_hôn . thắng đã tìm mọi cách để hàn_gắn tình_cảm nhưng chị t. không đồng_ý . sau đó , thắng đã dùng dao sát_hại chị t .. sau khi gây án , thắng dự_định đi tự_tử nhưng y đã nghĩ_lại và đến cơ_quan công_an đầu_thú .