những ngày vừa_qua , vận xui dường_như liên_tiếp ập đến với huỳnh_anh khi nam diễn_viên liên_tục phải nhận “ gạch đá ” từ dư_luận vì bị tố ‘ bùng_vai ” . chẳng_những vậy , mới_đây , bộ đôi nam đạo_diễn bảo_nhân - nam_cito công_khai “ mắng ” huỳnh_anh thậm_tệ là “ mất_dạy ” , “ vô_học ” . vậy lý_do là gì ?