camila_cabello , ellie_goulding , idris_elba , neymar và nhiều ngôi_sao hollywood đã cảm_thấy sốc và buồn khi biết tin nhà_thờ đức bà paris bốc cháy dữ_dội … " trái_tim tôi tan_vỡ khi nhìn thấy ngọn lửa này " ; " tôi vô_cùng đau_lòng " ... là những gì mà các ngôi_sao thế_giới chia_sẻ trước việc nhà_thờ đức bà paris bốc cháy dữ_dội .