sở_hữu khuôn_mặt điển_trai , nam_tính và luôn gây được ấn_tượng dù xuất_hiện trong vai_trò diễn_viên chính của một bộ_phim hay chỉ thoáng qua , quang_sự đã trở_thành cái tên được khán_giả ngày_càng yêu_mến . nhiều khán_giả nhận_xét diễn_xuất của quang_sự rất đời , tự_nhiên và chưa từng phô_trương ... ấy vậy nhưng chàng diễn_viên xứ thanh lại đánh_giá nghề_nghiệp mình đang theo không hề dễ_dàng , thậm_chí khó !