một trong những điều làm nên sự đặc_biệt của tết chính là không_khí đầm_ấm của gia_đình . với những người làm_việc nhiều năm ở nước_ngoài như ntk quỳnh_paris , tết vô_cùng đặc_biệt . được sum_vầy bên gia_đình , được hân_hoan với đào , mai , được tự tay nấu bánh_chưng , bánh_tét , … là những điều không_thể_nào quên .