nhà_lãnh_đạo triều_tiên_kim_jong-un hôm 1/1 cho_hay , ông hi_vọng sẽ tiếp_tục tổ_chức hội_nghị thượng_định hạt_nhân cấp cao lần thứ hai với tổng_thống mỹ donald_trump vào năm 2019 , nhưng đồng_thời cảnh_báo washington không nên thử sự kiên_nhẫn của bình_nhưỡng bằng các biện_pháp trừng_phạt và áp_lực .