môi_trường chiến_lược ở ấn_độ_dương đang thay_đổi nhanh_chóng . trong vài năm gần đây , thế_giới đã chứng_kiến sự cạnh_tranh chiến_lược đang gia_tăng giữa trung_quốc và ấn_độ khi hai cường_quốc lớn này mở_rộng vai_trò của mình trong khu_vực . ngoài_ra , còn có thêm những thế_lực mới đang cạnh_tranh để gây dựng ảnh_hưởng riêng .