vừa_qua , tại thành_phố yangon , đại_sứ_quán việt_nam tại myanmar đã phối_hợp cùng các doanh_nghiệp và cộng_đồng người việt_nam tại myanmar tổ_chức tết cộng_đồng chào_xuân_mậu_tuất 2018 . hơn 500 người việt bao_gồm đại_diện các doanh_nghiệp , thành_viên cộng_đồng người việt_nam đang sinh_sống , làm_việc và học_tập tại myanmar đã đến dự buổi lễ .