sau lệnh trừng_phạt của liên_hợp_quốc được cho là “ đòn chí_mạng ” giáng vào triều_tiên , tưởng rằng quốc_gia này sẽ chùn tay , tuy_nhiên sáng 15/9 vừa_qua , bình_nhưỡng lại gây chấn_động bằng vụ thử tên_lửa đầy thách_thức . không_những thế , theo một thông_tin mới được tiết_lộ , triều_tiên nhiều khả_năng sẽ sử_dụng tiền ảo bitcoin như một công_cụ mới , nhằm gây quỹ và giao_dịch để tránh những tác_động tiêu_cực sau lệnh trừng_phạt của liên_hợp_quốc .