đáp trả tuyên_bố của tổng_thống nga vladimir_putin về việc quân_đội nước_ngoài phải rút khỏi syria , iran thẳng_thắn khẳng_định nước này sẽ ở lại quốc_gia trung_đông khi vẫn còn mối đe_doạ khủng_bố . iran được cho là khó rút khỏi syria khi mà nước này đã đầu_tư lớn vào canh_bạc ở mảnh đất trung_đông này .