dù cho bộ quốc_phòng mỹ đã thừa_nhận sự tồn_tại của chương_trình điều_tra các báo_cáo về những vật_thể bay không xác_định ( ufo ) mà lầu_năm_góc triển_khai từ 2007 đến 2012 , tuy_nhiên dấu_hỏi về vật_thể bay không xác_định cũng như vấn_đề người ngoài hành_tinh vẫn chưa được làm rõ . ufo cho đến nay vẫn là một bí_ẩn thách_thức trí_tuệ toàn nhân_loại … liệu có một ngày nào đó , sự_thật được phơi_bày ?