bài báo điều_tra độc_quyền của reuters phát_hiện khi tình_nguyện hiến xác cho khoa_học , không ít người mỹ không biết rằng họ lại vô_tình làm_giàu cho những kẻ kinh_doanh xác_chết và các bộ_phận thi_thể người . họ đâu ngờ rằng các bộ_phận của cơ_thể mình lại trở_thành món hàng mua_bán và cho thuê trên thị_trường tự_do và không kiểm_soát đầy bất_trắc .