trước sự_cố may bay boeing 737 max 8 của hãng ethiopian_airlines gặp nạn , nhiều nhà_quản_lý và hãng hàng_không trên thế_giới , từ trung_quốc , uae tới eu và australia đã cấm các máy_bay dòng này hoạt_động trong không_phận hoặc tạm dừng khai_thác chuyến . tuy_nhiên , cục hàng_không liên_bang mỹ đã từ_chối làm điều tương_tự , bất_chấp áp_lực từ phía công_chúng .