theo nhiều nguồn_tin , cnn , afp , reuters , bbc và báo le_monde , tối_ngày 15/4 , nhà_thờ đức_bà ( notre_dame ) tại paris đã bốc_cháy . người_phát_ngôn của nhà_thờ cho biết , đám cháy được phát_hiện vào_khoảng 18h50 ( giờ_địa_phương ) . sau đó , ngọn lửa đã bùng_phát mỗi lúc một lớn khiến phần tháp của nhà_thờ bị sập .