tài_liệu liên_quan tới vụ ám_sát cố tổng_thống mỹ john_f._kennedy mới được mỹ giải mật cho thấy , liên_xô nhận_định vụ ám_sát tổng_thống thứ 35 này là một dàn_dựng xuất_phát từ nội_bộ giới tinh_hoa mỹ nhằm chiếm quyền_lực . trong khi đó , truyền_thông mỹ lại xem_xét các yếu_tố nga có liên_quan đến vụ_việc .