thủ_tướng israel benjamin_netanyahu sẽ gặp tổng_thống nga vladimir_putin tại moscow vào ngày_mai 21/2 nhằm tăng_cường hợp_tác giữa quân_đội hai nước ở syria . dù quan_hệ hai nước trong thời_gian gần đây không được tốt_đẹp song hai phía vẫn thảo_luận rất nhiều về việc ngăn_chặn đụng_độ tại syria trong năm nay .