thông_tin mới được báo_chí nhật phản_ánh về việc học_viện ngoại_ngữ suginami bị cho là có hành_vi lừa_đảo 70 người việt , mỗi người 1 triệu yên , để chuẩn_bị các thủ_tục sang nhật_bản học tiếng nhật đang nhận được sự quan_tâm lớn từ dư_luận , đặc_biệt là cộng_đồng sinh_viên người việt sang du_học nhật_bản .