hai bác_sĩ ở bệnh_viện sản_nhi yên_bái bị người_nhà sản_phụ đánh trọng_thương . dư_luận , ngành y_tế phẫn_nộ . kẻ hành_hung 2 vị bác_sĩ đó rồi sẽ bị xử_lý nhưng nó có phải vụ tấn_công bác_sĩ cuối_cùng không khi mà trong xã_hội hiện_nay , quá nhiều kẻ thích “ nói_chuyện ” bằng nắm_đấm hơn là dùng tiếng việt .