liên_tiếp các ngày 24 , 26 , 27/5 vừa_qua ngành đường_sắt đã lập nên một " kỳ_tích " thảm_hoạ cho xã_hội là 4 vụ tai_nạn đường_sắt chỉ trong có 3 ngày . thì đây , lý_do thực_ra rất đơn_giản , đến_nỗi ... chẳng có gì , khi vừa xong 4 vụ tai_nạn người_ta được nghe bộ_trưởng giao_thông vận_tải tuyên_bố sẽ ... nghiêm_túc rút kinh_nghiệm .