diễn_biến của phiên_toà xét_xử các bị_cáo trong “ đường_dây đánh_bạc nghìn tỷ ” những ngày vừa_qua khiến dư_luận bàng_hoàng khi những góc khuất dần được phơi_bày . nhìn từ vụ án này , nhiều người choáng_váng trước vấn_nạn “ bảo_kê ” , tội_phạm cổ_cồn trắng những người được trao thanh gươm bảo_vệ công_lý …