pgs.ts trần_thanh_sơn - trưởng khoa kỹ_thuật hạ_tầng và môi_trường đô_thị kiêm trưởng bộ_môn thoát nước ( trường đại_học kiến_trúc hà_nội ) đã chia_sẻ với báo người đưa_tin về thực_trạng thoát nước của hà_nội và đánh_giá về đề_xuất làm sạch sông tô_lịch của chuyên_gia nhật_bản , ts tadashi_yamamura .