trong khi bà_con trồng ớt ở xã cẩm_vịnh ( cẩm_xuyên , hà_tĩnh ) đang chuẩn_bị sẵn tinh_thần “ giải_cứu ” , “ gỡ_gạc được đồng nào hay đồng đó ” vì ớt trồng xong đã lâu vẫn không thấy người về thu_mua , thì có trường quốc_tế ở hà_nội , dù có mức học_phí cao ngất_ngưởng đã dừng nhận đơn đăng_ký tuyển_sinh vào lớp 1 ( năm_học 2018-2019 ) từ tháng tư do số_lượng quá đông .