khi u23 việt_nam “ lên_ngôi ” trong lòng mấy chục triệu dân việt , người_ta không nhìn thấy bóng_dáng bầu đức , bầu hiển – những ông bầu đã dốc bạc tỷ nuôi_dưỡng đội_bóng những ngày trứng nước nhưng lại phải chứng_kiến một ông nguyễn_lân_trung “ lăng_xăng , ưỡn ngực ” hứng cơn mưa cờ hoa lẫn tán_tụng ( ! ! )