ngày 6/8 , tổng_công_ty hàng_không việt_nam ( vietnam_airlines ) và công_ty_cổ_phần sữa việt_nam ( vinamilk ) chính_thức công_bố chương_trình hợp_tác chiến_lược với mục_tiêu cung_cấp các sản_phẩm dinh_dưỡng chất_lượng quốc_tế cho khách_hàng toàn_cầu và cùng phát_triển thương_hiệu quốc_gia vươn tầm thế_giới .