trong thời_bình , mỗi ngày vẫn có 22 người ra đường và mãi_mãi không trở_về . một con_số lớn hơn rất nhiều so với các loại bệnh_tật hiểm_nghèo hay do bom_đạn chiến_tranh . vấn_đề giao_thông ở việt_nam hiện_nay đang có sự đối_lập về mặt vật_chất và ý_thức : số_lượng phương_tiện giao_thông ngày_càng gia_tăng nhưng văn_hoá tham_gia giao_thông của nhiều người điều_khiển phương_tiện lại ngày_càng đi xuống .