cách_mạng_công_nghiệp 4.0 ( cmcn 4.0 ) đang dần nóng lên và là xu_thế phát_triển của hầu_hết các nước , phủ_sóng hầu_hết các quốc_gia trên thế_giới . hoà_mình vào xu_thế đó , ngành điện thủ_đô cũng có bước chuyển_mình để đáp_ứng nhu_cầu sử_dụng điện của khách_hàng , đặc_biệt phải nói đến dịch_vụ diện trực_tuyến cấp_độ 4 và các hình_thức thanh toàn tiền điện không dùng tiền_mặt .