trên nền_tảng dòng xe bus giường nằm cao_cấp mobihome , thaco một lần nữa tiên_phong tạo nên thế_hệ xe bus giường_nằm mới đẳng_cấp - tiện_nghi - sang_trọng . 02 phiên_bản mang tên thaco_mobihome_luxury và thaco_mobihome_premium được ví_như những khoang hạng thương_gia của các hãng hàng_không đang di_chuyển trên mặt_đất .