hà_nội , ngày 25 tháng 10 năm 2017 – brg golf , một thành_viên thuộc tập_đoàn brg , nhà phát_triển và vận_hành sân gôn hàng_đầu việt_nam , sẽ tổ_chức ngày hội gôn đặc_biệt mang tên 2017 brg golf hà_nội festival từ ngày 01 đến 03 tháng 12 năm 2017 tại 3 sân gôn đẳng_cấp quốc_tế thuộc brg golf là brg kings_island_golf_resort , brg ruby_tree_golf_resort và brg legend_hill_golf_resort .