tính đến hết nửa năm 2019 , tại thủ_đô hà_nội đã có 165/225 khách_hàng trọng_điểm ( tiêu_thụ điện trên 3 triệu kwh / năm ) đồng_ý và ký thoả_thuận tham_gia chương_trình điều_chỉnh phụ_tải điện ( dr ) . đây là một trong những hoạt_động thuộc chương_trình quốc_gia về quản_lý nhu_cầu điện ( demand - side - mangement - dsm ) giai_đoạn 2018-2020 , định_hướng đến năm 2030 , được thủ_tướng chính_phủ phê_duyệt ngày 8/3/2018 .