bà nguyễn_quỳnh_anh – phó tổng_giám_đốc vland việt_nam , đại_diện đơn_vị phát_triển và quản_lý kinh_doanh dự_án chia_sẻ : “ việc bàn_giao căn_hộ đúng thời_hạn thể_hiện uy_tín và quyết_tâm cao của chủ_đầu_tư trong việc đem lại một dự_án được đảm_bảo cả về tiến_độ lẫn chất_lượng xây_dựng như đã cam_kết với khách_hàng ” .