tập_đoàn nam_cường bàn_giao hệ_thống trường_học liên_cấp lê_quý_đôn đạt chuẩn , hiện_đại bậc nhất phía tây thủ_đô ; nhận quyết_định phê_duyệt chủ_trương đầu_tư 4 trường_học của ubnd thành_phố hà_nội ; công_bố xây_dựng công_viên thiên_văn_học ngoài_trời đầu_tiên tại đông_nam_á đã đánh_dấu một bước_tiến trong việc góp_phần nâng_cao chất_lượng giáo_dục cho người_dân việt . đằng sau thành_công ấy là một quá_trình nỗ_lực không ngừng nghỉ của nhà_đầu_tư và phát_triển bất_động_sản hàng_đầu việt_nam .