là tân sinh_viên - bạn sẽ bắt_đầu hành_trang cuộc_sống mới với nhiều quyết_định riêng cho bản_thân mình . một trong số đó là quản_lý số tiền sử_dụng hàng tháng như_thế_nào cho hiệu_quả và nhanh_chóng . ứng_dụng ngân_hàng thông_minh đang là hành_trang hữu_ích với các tân sinh_viên trong suốt hành_trình thực_hiện ước_mơ .