vào thời điểm 2010-2012 nhiều chuyên_gia trên thị trường bất động sản cho rằng “ không thể làm căn hộ 10 triệu / m2 ở hà nội được ” . vậy mà sau 6 năm trôi qua , tập đoàn mường thanh của đại gia lê_thanh thản vẫn đều đặn chào bán ra thị trường những căn hộ có giá trên dưới 10 triệu đồng .