hiện_nay , facebook và google đang là “ vùng_đất màu_mỡ ” mà các doanh_nghiệp đua nhau “ chọn mặt gởi vàng ” để quảng_bá thương_hiệu bởi tính hiệu_quả và độ phổ_biến của hai nền_tảng này . tuy_nhiên , càng nhiều doanh_nghiệp tham_gia , sự cạnh_tranh càng trở_nên khốc_liệt , chi_phí đổ vào càng nhiều . do_đó , doanh_nghiệp cần có “ đối_sách ” để giảm_thiểu chi_phí leo_thang nhưng vẫn đảm_bảo việc quảng_bá thương_hiệu hiệu_quả , tiếp_tục thu_hút , lôi_kéo được khách_hàng .