ra_mắt tại thị_trường việt_nam vào tháng 10/2018 , kia sedona mới nhanh_chóng thu_hút sự quan_tâm của khách_hàng và nhận được những đánh_giá tích_cực từ các chuyên_gia ô_tô . mẫu xe này đã lập kỷ_lục doanh_số với gần 200 hợp_đồng được ký_kết ngay tại sự_kiện giới_thiệu và 410 xe được giao đến khách_hàng tính đến thời_điểm hiện_tại .