sáng 12/2 , tại sở_giao_dịch chứng_khoán hà_nội , đánh cồng khai_trương hoạt_động giao_dịch chứng_khoán đầu xuân của năm “ bứt_phá ” 2019 , thủ_tướng bày_tỏ mong_muốn thị_trường_chứng_khoán gần với người_dân hơn , nhưng không phải bằng tư_duy về một trò_chơi như cách gọi “ chơi chứng_khoán ” , mà là phương_thức đầu_tư an_toàn , hiệu_quả .