( tp. hcm , ngày 28/10/2017 ) – tập_đoàn novaland vừa phối_hợp cùng ubnd huyện hồng_ngự , tỉnh đồng_tháp khởi_công xây_dựng 07 cầu dân_sinh tại địa_phương , với tổng_ngân_sách tài_trợ là 15 tỷ đồng . dự_kiến 07 cây cầu sẽ hoàn_tất và đưa vào sử_dụng trong quý i / 2018 . những cây cầu khi hoàn_thành sẽ tạo điều_kiện giao_thông thuận_tiện , an_toàn hơn cho nhân_dân địa_phương trong mùa mưa_lũ .