dự_án nông_nghiệp " khủng " chưa từng có tại hà_tĩnh từng được kỳ_vọng có " bà đỡ " là ngân_hàng bidv rót vốn hàng nghìn tỷ đồng chỉ sau thời_gian ngắn hoạt_động rầm_rộ đã tự chuyển sang trồng chuối vì thua_lỗ . hàng_loạt lãnh_đạo doanh_nghiệp lần ngân_hàng bị bắt , hàng trăm công_nhân phải đón cái tết không lương không thưởng .