cuối năm 2018 , hải_quan phát_hiện một doanh_nghiệp nhập sản_phẩm nhãn_hiệu asanzo từ trung_quốc khai_báo gian_dối . từ đây , sau quá_trình điều_tra , asanzo bị nghi là hàng " made in china " đội_lốt hàng việt_nam . thương_hiệu này bị thu_hồi danh_hiệu " hàng việt nam chất_lượng cao " , đồng_thời hứng_chịu những ngày dài đen_tối ...