bộ_trưởng đinh_tiến_dũng chỉ_đạo khẩn_trương kiểm_tra , xác_minh thông_tin báo_chí phản_ánh vụ_việc công_ty_cổ_phần điện_tử asanzo nhập_khẩu sản_phẩm sản_xuất tại nước khác gắn nhãn xuất_xứ việt_nam để bán ra thị_trường việt_nam . đồng_thời " làm rõ các vi_phạm để xử_lý nghiêm theo đúng quy_định của pháp_luật " .