phó tổng kiểm_toán nhà_nước ( ktnn ) nguyễn_quang_thành cho_hay : kế_hoạch kiểm_toán năm 2018 đã được ban_hành với 205 cuộc kiểm_toán , trong đó sẽ thực_hiện kiểm_toán báo_cáo tài_chính , các hoạt_động liên_quan quản_lý sử_dụng vốn , tài_sản nhà_nước năm 2017 tại 36 tập_đoàn , tổng_công_ty và ngân_hàng thương_mại .