ngày 20/3/2019 , lô xe vinfast đầu_tiên trong số 155 xe đã được vận_chuyển bằng đường_hàng_không đến 14 quốc_gia thuộc 4 châu_lục để kiểm_thử chất_lượng và độ an_toàn . quá_trình kiểm_thử kéo_dài liên_tục từ nay đến tháng 8/2019 nhằm đảm_bảo mọi sản_phẩm vinfast đều đạt tiêu_chuẩn cao của châu_âu và thế_giới trước khi chính_thức bán ra thị_trường .