vụ tngt xảy ra từ tháng 1/2017 , nhưng cho đến nay phía bảo_hiểm hùng_vương ( bhhv ) và khách_hàng vẫn chưa thống_nhất được phương_án đền_bù thiệt_hại . sự_việc kéo_dài , không giải_quyết dứt_điểm , phía khách_hàng phải vay_mượn tiền để đền_bù cho người bị gây tai_nạn . họ bức_xúc đã gửi đơn thư kêu cứu tới báo_chí .