theo tìm_hiểu , điều_tra của pv , hiện_nay trên địa_bàn tp. hcm , đặc_biệt là tại quận 12 đang xuất_hiện hàng trăm căn_hộ chung_cư dạng phòng trọ trên cao . căn_hộ chung_cư này được xây_dựng hàng_loạt và bán với giá trên trời . điều đáng nói , các căn_hộ chung_cư kiểu này không hề được cấp phép xây_dựng . tuy_nhiên , chủ_đầu_tư đã móc_nối với các bên liên_quan để cho ra_đời hàng_loạt .