vừa_qua , vào ngày 5/5/2019 đã diễn ra lễ khai_trương khách_sạn nam_cường nam_định đạt tiêu_chuẩn 4 sao đầu_tiên tại nam_định do tập_đoàn nam_cường tâm_huyết đầu_tư phát_triển . khách_sạn được thiết_kế theo tiêu_chuẩn quốc_tế với phong_cách kiến_trúc tân cổ_điển kết_hợp với nét văn_hoá phương_đông những năm 40 sẽ là điểm nhấn du_lịch đất thành_nam .