u23 việt_nam vừa tạo nên một cơn địa_chấn khắp châu_á khi đánh_bại ứng_cử_viên vô_địch u23 iraq một_cách thuyết_phục để giành tấm vé vào bán_kết giải_đấu u23 châu_á 2018 . ngay sau trận thắng lịch_sử , thầy_trò hlv park_hang_seo đã được nhận " cơn mưa tiền thưởng " từ nhiều tổ_chức , cá_nhân và doanh_nghiệp .