đầu_tư vào a & b central_square nha_trang , nhà_đầu_tư sẽ được cam_kết lợi_nhuận 10 % / năm trong 10 năm , từ năm thứ 11 được hưởng lợi 80 % , tặng 15 đêm nghỉ_dưỡng tại a & b central_square và được trao_đổi kỳ nghỉ_dưỡng trong hệ_thống a & b group . ngoài_ra , chủ_đầu_tư cam_kết chuyển_nhượng lại sau 5 năm với mức cam_kết là 110 % ( bao_gồm vốn gốc ) .