theo lãnh_đạo tpbank , nghị_quyết 02 của chính_phủ đi vào thực_hiện sẽ không gây bất_kỳ xáo_trộn hay “ bỡ_ngỡ ” nào với khách_hàng tpbank , vì từ vài năm nay , khách_hàng của nhà_băng này đã thực_hiện thanh_toán nhiều loại phí dịch_vụ qua ebank mà không phải giao_dịch tiền_mặt tại nhà hay đến tận điểm thu phí nữa .