tpbank là một trong 8 ngân_hàng vinh_dự nhận được giải_thưởng từ ifc trao_tặng trong năm nay tại khu_vực đông_á thái_bình_dương và là một trong 4 ngân_hàng ở việt_nam . việc nhận được giải_thưởng từ ifc sẽ giúp cải thiện niềm tin của các nhà đầu tư quốc tế khi lựa_chọn đầu_tư vào ngân_hàng tại việt_nam .