theo ghi_nhận của pv , hiện_nay , nhiều thương_lái đang mua gạo ở khu_vực biên_giới campuchia về việt_nam tiêu_thụ , đặc_biệt là ở các tỉnh như đồng_tháp , an_giang , kiên_giang ... phương_tiện vận_chuyển chủ_yếu là bằng đường_bộ và đường_thuỷ . theo các chuyên_gia , việc này đang ảnh_hưởng thị_trường gạo nội_địa .