chào_mừng tết_nguyên_đán và năm mới kỷ_hợi , vinpro & viễn_thông_a tổ_chức chương_trình ưu_đãi lớn chưa từng có mang tên “ mua điện_máy – đổi vận ngay ” . lần đầu_tiên , khách_hàng sẽ có cơ_hội trúng ngay trọn bộ “ 01 căn_hộ tiện_nghi vincity_ocean_park và 01 xe ô_tô vinfast_fadil ” hoặc hàng chục xe_máy điện vinfast_klara , chỉ vàng may_mắn . tổng giá_trị giải_thưởng lên tới 5 tỷ đồng .