thị_trường bất_động_sản tại tp. hcm đang có sự chuyển_biến lớn khi ngày_càng thực_chất hơn . trong thời_điểm này , việc điều_chỉnh phân_khúc căn_hộ phù_hợp với nhu_cầu khách_hàng ; giữ chữ tín , đảm_bảo cho khách_hàng nhận đủ và hơn những gì đã cam_kết là cách mà nhiều doanh_nghiệp đang thực_hiện trên thị_trường .