với mong_muốn tri ân khách_hàng đặt mua thành_công dự_án movenpick_resort_waverly_phú_quốc , chủ_đầu_tư sẽ tổ_chức chương_trình đặc_biệt với cơ_hội bốc_thăm trúng thưởng 1 căn condotel tiêu_chuẩn 5 sao cùng nhiều phần quà với tổng giá_trị lên tới hàng tỷ đồng trong sự_kiện tri ân diễn ra vào ngày 13/7 tới đây tại khách_sạn sofitel_saigon_plaza , tp hcm .