nối_tiếp thành_công của hệ_thống chăm_sóc khách_hàng tự_động sử_dụng trí_tuệ_nhân_tạo ( chatbot ) trên ứng_dụng facebook và website chăm_sóc khách_hàng năm 2017 , tổng_công_ty điện_lực tp. hà_nội ( evn_hanoi ) tiếp_tục nâng_cấp phiên_bản chatbot ( chatbot 2 ) với nhiều tiện_ích và tính_năng mới , đảm_bảo mang đến sự phục_vụ tốt hơn cho khách_hàng sử_dụng điện trên địa_bàn thủ_đô .