gần 100.000 m² đất trong khu_đô_thị mới thủ_thiêm cùng 5 khu đất khác sẽ được tp. hcm đổi lấy cây cầu 5.200 tỷ đồng nối quận 2 và quận 7 . đây là cách làm rất mới nhằm bán 16 khu đất để trả chi_phí xây_dựng cầu thủ_thiêm 4 . nhiều chuyên_gia đã đưa ra quan_điểm của mình trong việc có nên đấu_thầu công_khai hay không .