khi vận_động nhiều , lượng nhiệt tạo ra trong cơ_thể sẽ chuyển ra da , sau đó làm bay hơi mồ_hôi , góp_phần giảm khoảng 80 % lượng nhiệt tạo ra trong quá_trình vận_động , dẫn đến mất nước và kéo_theo lượng lớn các loại khoáng_chất thiết_yếu , làm cho cơ_thể dễ rơi vào trạng_thái mất cân_bằng , mệt_mỏi .