sáng 11/8 , tại gem center ( tp. hcm ) , hội_thảo phát_triển bất_động_sản ( bđs ) việt_nam với chủ_đề “ tầm nhìn và triển_vọng ” đã được khai_mạc . hội_thảo đã đề_cập và phân_tích những yếu_tố , xu_hướng mới có tác_động trực_tiếp đến hoạt_động của thị_trường bđs việt_nam hiện_nay và trong thời_gian tới .