trước đề_xuất tăng mức thuế vat từ 10 % lên 12 % vào năm 2019 của bộ tài_chính , báo người đưa_tin đã có cuộc trao_đổi với ts . nguyễn_trí_hiếu – chuyên_gia tài_chính ngân_hàng để có cái nhìn tổng_thể , lý_giải cho nguyên_nhân tại_sao người_dân lại phản_ứng với dự_thảo luật thuế mới từ nhà điều_hành chính_sách .