tổng_giám_đốc vec - chủ_đầu_tư cao_tốc đà_nẵng - quảng_ngãi cho biết , khoản tiền thất_thu vì dự_án bị dừng thu phí không ảnh_hưởng đến phương_án tài_chính . tuy nguyên_nhân hư_hỏng vẫn chưa được xác_định nhưng ông trần_văn_tám cho_rằng tuyến đường xảy ra hư_hỏng đưa vào sử_dụng trước thời_điểm ông về làm tổng_giám_đốc .