đây là tuyến đường huyết_mạch đặc_biệt quan_trọng đã được tp hà_nội thúc_đẩy sớm hoàn_thành nhằm giảm tải ách_tắc cho nút thắt cao_tốc pháp_vân tại quận hoàng_mai , quốc_lộ 1a . trước đó , trong năm 2018 đích_thân chủ_tịch tp hà_nội ông nguyễn_đức_chung đã có hai chuyến làm_việc kiểm_tra tiến_độ tuyến đường_trục tây_nam_hà_nội và phát_biểu về tầm quan_trọng của tuyến đường này .