kinh_tế việt_nam 9 tháng đầu năm tiếp_tục tăng_trưởng cao và bền_vững với mức tăng_trưởng tổng_sản_lượng trong nước ( gdp ) đạt 6,98 % so với cùng kỳ năm 2017 , cao nhất kể từ năm 2011 . đây là một nỗ_lực lớn của chính_phủ vì giá_cả nhiều loại nguyên nhiên_liệu đầu_vào tăng do chịu ảnh_hưởng từ cuộc_chiến thương_mại mỹ - trung_quốc .