khi nhận_thức của doanh_nghiệp đối_với công_nghệ và giải_pháp máy_chủ được nâng_cao , cơ_hội dành cho các nhà_cung_cấp dịch_vụ đang trở_nên lớn hơn_bao_giờ_hết . dù lớn hay nhỏ , sớm hay muộn , doanh_nghiệp cũng sẽ cần đến máy_chủ ( server ) để quản_lý , chia_sẻ tài_nguyên , bảo_vệ dữ_liệu cho toàn hệ_thống hoạt_động trơn_tru hơn , bền_vững hơn .