ngày 29/8/2019 , tạp_chí forbes châu_á lần đầu_tiên công_bố danh_sách 200 công_ty có doanh_thu trên 1 tỷ đô tốt nhất châu_á thái_bình_dương ( best_over_a_billion ) . trong đó , vinamilk là công_ty duy_nhất của việt_nam trong ngành thực_phẩm được bình_chọn vào danh_sách này , “ sánh_vai ” cùng những tên_tuổi lớn của nền kinh_tế khu_vực .