khi con người_ta có niềm_tin ở xứ đó họ sống có kỷ_luật lắm , họ sẵn_sàng chào bạn hay nhận lỗi một_cách thẳng_thắn - tôn_trọng - thiện_chí , lập_tức trong mắt bạn , trong mắt hàng triệu triệu người được đối_xử như bạn sẽ ánh lên thứ cảm_tình – giống như cảm_tình dành cho cái cúi đầu của ông chủ công_ty xăng_dầu nhật_bản tại việt_nam .