trong sự_kiện “ diễn_đàn cấp cao và triển_lãm quốc_tế về công_nghiệp 4.0 ” do thủ_tướng nguyễn_xuân_phúc chủ_trì vừa_qua , bên cạnh sự xuất_hiện ấn_tượng của sophia – robot đầu_tiên được cấp quyền_công_dân trên thế_giới , các sản_phẩm công_nghệ_cao như : năng_lượng tái_tạo , công_nghệ robot , công_nghệ blockchain … , ngân_hàng tmcp quân_đội đã giới_thiệu sản_phẩm app ngân_hàng mbbank với những công_nghệ mới nhất được phát_triển bởi chính đội_ngũ mb .