ngày 5/1/2016 , bệnh_viện giao_thông vận_tải trung_ương ( gtvt ) trở_thành cơ_sở y_tế công_lập lớn đầu_tiên thoát_ly “ bầu sữa ” bao_cấp của nhà_nước để chính_thức chuyển sang hoạt_động theo mô_hình công_ty_cổ_phần . thay_đổi này được kỳ_vọng sẽ là bước " cởi trói " để bệnh_viện phát_triển theo xu_hướng tất_yếu hiện_nay , thế_nhưng …