hai nhà_đầu_tư mới xuất_hiện với tiềm_lực một trời một vực sẽ trở_thành cứu_cánh cho thương_vụ thoái vốn của khatoco tại dệt_tân_tiến vào cuối tháng ba tới đây . sự xuất_hiện của một doanh_nghiệp “ bé_hạt_tiêu ” trong thương_vụ này được xem là “ nước cờ ” cao_tay của “ trùm bất_động_sản ” tại nha_trang .