chứng_kiến vụ tai_nạn nghiêm_trọng nhất từng xảy ra trên quốc_lộ 5 qua xã cộng_hoà , huyện kim_thành , hải_dương , nhiều người_dân chưa hết bàng_hoàng . nhân_chứng cho rằng , đây là đoạn đường nhiều người qua_lại , sang đường . nếu tai_nạn xảy ra muộn hơn , thương_vong có_thể lên tới hàng chục người .