“ thảm_hoạ thuỷ_ngân ” từ công_ty rạng_đông khiến nhiều người_dân bức_xúc khi mới_đây lãnh_đạo rạng_đông thừa_nhận toàn_bộ 480.000 bóng đèn_huỳnh_quang bị cháy sử_dụng thuỷ ngân_lỏng . nhiều chuyên_gia cho_rằng cần phải truy_cứu trách_nhiệm lãnh_đạo công_ty rạng_đông đến_cùng và thành_khẩn cúi đầu xin_lỗi người_dân .