mới_đây , ubnd tp. hà_nội có văn_bản đồng_ý cho người_dân ở thôn phụ_chính , huyện chương_mỹ bán_đấu_giá cây sưa đỏ quý_hiếm nằm trong khuôn_viên chùa phụ_chính . tuy_nhiên , điều mà người_dân băn_khoăn lúc này việc bán_đấu_giá có vi_phạm pháp_luật hay không và khoản tiền đó sẽ được sử_dụng như_thế_nào .