thời_gian vừa_qua trên địa_bàn cả nước liên_tiếp xảy ra các vụ tai_nạn giao_thông nghiêm_trọng liên_quan đến tàu_hoả . đa_phần nguyên_nhân xuất_phát từ sự thiếu quan_sát của người tham_gia giao_thông đường_bộ khi băng qua đường_sắt . sau đây là những vụ tai_nạn tàu_hoả thảm_khốc nhất 7 tháng đầu năm 2019 .