hiện tand tối_cao đang lấy ý_kiến rộng_rãi về dự_thảo nghị_quyết của tand tối_cao hướng_dẫn áp_dụng một_số tội trong bộ luật_hình_sự , trong đó có tội dâm_ô với trẻ_em , một_số quy_định khiến nhiều người cảm_thấy lo_ngại như việc sờ vùng mặt , xoa đầu , ... của trẻ_em cũng có_thể bị coi là hành_vi dâm_ô .