ngày hội steme – sự_kiện thu_hút hàng ngàn bạn trẻ yêu công_nghệ vừa diễn ra ngày 14/7 tại trường thcs vinschool ( hà_nội ) . đây cũng là lần đầu_tiên , một ngày hội quy_mô về stem được dẫn_dắt bằng tư_duy khởi_nghiệp tổ_chức tại việt_nam . ngày hội do dự_án đại_học vinuni tổ_chức , với kỳ_vọng mang lại một sân_chơi khoa_học công_nghệ ý_nghĩa và đầy hứng_khởi dành riêng cho lứa tuổi thpt .