củng_cố vững_chắc hệ_thống quỹ_tín_dụng nhân_dân ; triển_khai đồng_bộ các giải_pháp phòng , chống bệnh dịch_tả lợn châu_phi ; nhiệm_vụ , giải_pháp trọng_tâm phát_triển chính_phủ_điện_tử ; không để ảnh_hưởng tiêu_cực đến sản_xuất nước_mắm truyền_thống ; ... là những thông_tin chỉ_đạo , điều_hành của chính_phủ , thủ_tướng chính_phủ nổi_bật tuần từ 11 - 15/3/2019 .