dự_kiến bão số 3 sẽ đổ_bộ vào khu_vực hải_phòng , quảng_ninh trong chiều_tối nay 2/8 , cục quản_lý đường_bộ i đã lên phương_án và chỉ_đạo các đơn_vị liên_quan có phương_án ứng_phó bão . đặc_biệt với một_số cầu lớn , cầu_vượt biển như : bãi_cháy , bạch_đằng ( quảng_ninh ) , tân_vũ - lạch_huyện ( hải_phòng ) .