các quy_định trong quyết_định số 13 của vec “ giao quyền ” cho các công_ty và đơn_vị trực_thuộc thực_hiện chỉ được phát_hiện khi 2 chiếc xe ô_tô mang bks : 51 a -558.50 và 51 g -772.56 bị công_ty cpdvkt đường_cao_tốc việt_nam ( vec_e - công_ty_con của vec ) từ_chối phục_vụ trên các tuyến đường_cao_tốc do vec quản_lý .