yen_cuypers ( đọc theo tiếng việt là yến ) định_cư tại vương_quốc bỉ đã 5 năm . chị sinh ra , lớn lên ở hà_nội , học phổ_thông tại trường chuyên hà_nội - amsterdam , và đã có hơn 20 năm làm_việc trong lĩnh_vực báo_chí và truyền_thông . chị nhắn với người đưa_tin : “ nếu bài được đăng , nhờ toà_soạn gửi nhuận_bút vào quỹ bệnh_nhi ung_thư của viện huyết_học . ”