ngày 25/6 tới đây , tại hưng_yên , thủ_tướng nguyễn_xuân_phúc cùng các phó thủ_tướng sẽ chủ_trì hội_nghị phát_triển vùng kinh_tế trọng_điểm bắc_bộ - nơi được xác_định “ là trung_tâm chính_trị , kinh_tế , văn_hoá và khoa_học_kỹ_thuật của cả nước ; là tâm_điểm hội_tụ nguồn_lực và nguyên_khí quốc_gia ” .