ngày_mai ( 11/3 ) , công_ty tnhh xây_dựng - thương_mại - dịch_vụ - sản_xuất hùng_thanh ( chủ_đầu_tư chung_cư carina_plaza , thuộc phường 16 , quận 8 , tp. hcm ) sẽ tổ_chức đại_lễ cầu_siêu để tưởng_niệm cho các nạn_nhân xấu_số sau 1 năm xảy ra vụ hoả_hoạn kinh_hoàng , khiến 13 người chết và nhiều người bị_thương .