theo thiếu_tướng , gs . ts lê_trung_hải , hiệu_trưởng trường cao_đẳng y_dược hà_nội , nghề y là một nghề rất đặc_biệt , một nghề cao_quý đòi_hỏi mỗi người phải có tâm và có đức , chính vì_thế các sinh_viên phải tích_cực học_hỏi , trau_dồi tay_nghề để khi ra trường trở_thành một người thầy_thuốc giỏi .