nằm trong chuỗi hoạt_động kỷ_niệm 20 năm hà_nội được được tổ_chức giáo_dục , khoa_học và văn_hoá của liên_hợp_quốc ( unesco ) trao_tặng danh_hiệu thành_phố vì hoà_bình , sở vh , tt hà_nội tổ_chức lễ_hội đường_phố sẽ được diễn ra tại phố đi bộ hồ_gươm . nsnd thuý_mùi sẽ làm tổng đạo_diễn lễ_hội này .