trước khi bị bắt và khởi_tố về hành_vi giả_mạo trong công_tác , ông dương_văn_hoà , hiệu_trưởng trường đại_học đông_đô được trường này giới_thiệu với khá nhiều lời_lẽ hoa_mỹ như " người tiên_phong đưa văn_hoá “ thiền chánh_niệm ” đến với sinh_viên , gắn_kết sinh_viên qua những khoá quy_y tam_bảo , tiếng chuông thiền ... " .