thời_gian qua , có cử_tri ở hà_nội đề_xuất tử_hình tử_tù bằng lá ngón cho tiết_kiệm . chủ_nhiệm uỷ_ban tư_pháp của quốc_hội lê_thị_nga cho_rằng qua tổng_kết thi_hành luật thi_hành án hình_sự cho thấy , vướng_mắc hiện_nay trong công_tác thi_hành án tử_hình chủ_yếu là do tổ_chức thực_hiện , không phải do quy_định của luật , nên chính_phủ không đề_xuất sửa_đổi nội_dung này .