trước khi hiệu_trưởng đại_học đông_đô_dương_văn_hoà cùng các đồng_phạm bị khởi_tố và bắt giam , pv người đưa_tin đã nhận được nhiều nguồn_tin phản_ánh về việc cấp bằng tốt_nghiệp hệ văn_bằng 2 chính_quy tại trường cho các học_viên không đúng quy_định của bộ gd & đt . từ manh_mối được cung_cấp , pv đã vào_cuộc tìm_hiểu thông_tin và hé lộ những bê_bối trong quá_trình đào_tạo tại ngôi trường này .