trong hội_thảo góp_ý các nội_dung về chính_sách nhà_giáo trong dự_thảo luật giáo_dục ( sửa_đổi ) do cục nhà_giáo , bộ gd & đt tổ chức , ông lê_quán_tần , phó chủ_tịch hội cựu giáo chức việt_nam đã kiến_nghị , việt_nam nên có chế_độ cấp chứng_chỉ hành_nghề dạy_học để kiểm_soát chất_lượng đảm_bảo của giáo_viên trong thực_tế hành_nghề .