sau 5 ngày đầu_tiên của kỳ nghỉ tết_nguyên_đán kỷ_hợi 2019 cả nước đã xảy ra 144 vụ tai_nạn giao_thông , làm chết 96 người , bị_thương 110 người , so với 5 ngày đầu_tiên kỳ nghỉ tết_nguyên_đán 2018 giảm 58 vụ ( giảm 28,7 % ) , giảm 59 người chết ( giảm 38 % ) , giảm 39 người bị_thương ( giảm 26 % ) .