sáng ngày 10/12/2018 chương_trình tập_huấn của sở giáo_dục & đào_tạo tp hà_nội phối_hợp với công_ty vinamilk đã đến với quận hoàng_mai – đây là đơn_vị thứ 26 trong 30 đơn_vị quận_huyện đã được thực_hiện tập_huấn . dự_kiến chương_trình tập_huấn sẽ thực_hiện cho hơn 1.847 trường_học và 2.509 nhóm lớp với gần 10.000 đại_biểu là đại_diện thành_viên ban_giám_hiệu các trường , giáo_viên , cán_bộ phụ_trách kế_toán , kho , y_tế trường và đại_diện cha_mẹ học_sinh .