điểm tin thời_sự xã_hội ngày 1/7 : cán_bộ kiểm_lâm bị bỏng toàn khuôn_mặt khi chiến_đấu với cháy rừng , người đàn_ông 51 tuổi tự_tử bằng súng từ chế vì chuyện gia_đình , xe_khách biển lào bất_chấp nguy_hiểm đi lùi ở đường_vành_đai 3 trên cao , trẻ sơ_sinh tử_vong với vết đứt bất_thường quanh cổ , dân vây trụ_sở ubnd xã đòi giải_cứu ngư_dân mất_tích ...