thảo_luận về dự_án luật phòng , chống tác_hại của rượu , bia , bộ_trưởng y_tế nguyễn_thị_kim_tiến cho_rằng nếu không có thực_lực thì luật khó khả_thi . hiện_nay , mỗi năm ngân_sách cấp cho 700 triệu đồng vừa truyền_thông , tập_huấn , vấn_đề rất nhiều như là tác_hại thuốc_lá ... thì luật sẽ khó khả_thi .