thời_gian qua , thu_hút đầu_tư trực_tiếp nước_ngoài ( fdi ) vào lĩnh_vực hạ_tầng giao_thông còn khá khiêm_tốn , mới chỉ tập_trung vào khu_vực cảng biển và một_số ít các trục đường chính kết_nối với các vùng kinh_tế trọng_điểm . vậy cần có giải_pháp nào để “ nắn " dòng fdi vào lĩnh_vực này trong thời_gian tới ?