ngày 4/4 , đại_học cornell và tập_đoàn vingroup đã thống_nhất biệt_phái giáo_sư rohit_verma làm_việc tại trường đại_học vinuni ( vinuni ) với mục_tiêu xây_dựng đại_học xuất_sắc tại việt_nam . giáo_sư rohit_verma sẽ là hiệu_trưởng đầu_tiên của vinuni sau khi có quyết_định của thủ_tướng chính_phủ về việc thành_lập trường .