chiều 12/10 , thủ_tướng nguyễn_xuân_phúc cùng đoàn đại_biểu việt_nam đã về đến hà_nội , kết_thúc tốt_đẹp chương_trình tham_dự cuộc gặp các nhà_lãnh_đạo asean nhân_dịp hội_nghị thường_niên quỹ tiền_tệ quốc_tế - ngân_hàng thế_giới tại thành_phố bali , indonesia và thăm làm_việc tại indonesia từ ngày 11 - 12/10 .