“ tôi đứng dưới khán_đài hò_hét mọi người phía trên giãn ra để lấy không_khí cho cháu bé thở , khi bé bị co_giật , tôi chỉ suy_nghĩ ở trong đầu là tìm mọi cách để cứu người , thời_điểm đấy không còn cách nào khác tối_ưu hơn việc đút chính ngón tay của mình vào miệng cháu bé ” , đại_uý trần_đức_giảng nhớ về giây_phút cứu cháu bé trên svđ thiên_trường .