ngày 31/10 , tại buổi làm_việc với lãnh_đạo huyện thanh_trì , chủ_tịch uỷ_ban_nhân_dân thành_phố hà_nội nguyễn_đức_chung nhấn_mạnh , thành_phố sẽ thành_lập đoàn liên_ngành thanh_tra toàn_diện một_số “ điểm_nóng ” về đất_đai , đền_bù giải_phóng mặt_bằng , trật_tự xây_dựng , đặc_biệt là tại hai dự_án trọng_điểm trên địa_bàn huyện thanh_trì ( dự_án khu_đô_thị tây_nam_kim_giang và dự_án cải_tạo , nâng_cấp quốc_lộ 1a , đoạn qua huyện thanh_trì ) .