theo quảng_bá , chỉ cần cung_cấp một_số thông_tin cơ_bản và bỏ ra 5 triệu đồng là khách_hàng có_thể sở_hữu ngay cho mình tấm bằng lái_xe ô_tô giả , mà không phải làm bất_cứ điều gì từ đăng_kí , theo học cho đến thi sát_hạch ? phải_chăng đây chính là nguyên_nhân của hàng_loạt những vụ tai_nạn thương_tâm trong thời_gian vừa_qua ?