mới_đây , trên mạng xã_hội xuất_hiện đoạn clip thông_tin sự_việc trường mầm_non tư_thục abc đột_ngột ra quyết_định không nhận chăm_sóc cháu t. 5 tuổi , với lý_do phụ_huynh nợ tiền học_phí và tiền ăn gần 40 triệu đồng . phụ_huynh cháu khẳng_định đã đóng đủ tiền học_phí và tiền ăn cho con theo hình_thức “ trừ nợ ” cho chủ trường . vậy thực_hư sự_việc như_thế_nào ?