thời_gian qua , công_tác của ban tuyên_giáo nói_riêng , của ngành tuyên_giáo nói_chung đã đạt những kết_quả rất phấn_khởi . những kết_quả đó thể_hiện được nỗ_lực của ngành tuyên_giáo , trong đó có nỗ_lực của cán_bộ , công_chức , viên_chức , người lao_động , đặc_biệt phải kể đến sự góp_sức của những nữ cán_bộ , công_chức , viên_chức , người lao_động ban tuyên_giáo tư .