ngày 10/7 , tại trụ_sở ubnd quận nam_từ_liêm đã diễn ra đại_hội đại_biểu hội luật_gia quận nam_từ_liêm khoá ii , nhiệm_kỳ 2019 – 2024 . kết_quả , 11 đồng_chí trong ban_chấp_hành hội luật_gia quận nam_từ_liêm khoá ii và 5 đồng_chí trong ban kiểm_tra đều đạt được số phiếu tín_nhiệm 100 % của các hội_viên chính_thức về dự đại_hội đại_biểu toàn_quốc hội luật_gia việt_nam lần thứ 13 .