phó thủ_tướng thường_trực chính_phủ trương_hoà_bình cho_rằng , ở vụ án phạm_công_danh thì số tiền phải thu_hồi ở tp. đà_nẵng là gần 4.000 tỷ đồng , trong khi tài_sản phải xử_lý để thi_hành án là dự_án khu phức_hợp dịch_vụ cao_tầng sân_vận_động chi_lăng còn nhiều vướng_mắc về mặt pháp_lý chưa được giải_quyết .