( nđt ) - việc sẽ phạt từ 10 đến 15 triệu đồng với hành_vi sửa_chữa nội_dung bài thi , sửa điểm bài thi trái quy_định hoặc nhập điểm vào máy_vi_tính không đúng với điểm thực_tế của bài thi trong dự_thảo nghị_định xử_phạt hành_chính trong lĩnh_vực giáo_dục của bộ gd & đt mới công_bố đang vấp phải nhiều ý_kiến trái chiều .