gần_như suốt cuộc_đời ngắn_ngủi , buồn_bã , julia_pastrana đã bị phỉ_báng , đối_xử một_cách tàn_nhẫn . bà có_thể nói lưu_loát tiếng anh và tiếng tây_ban_nha , ca_hát , khiêu_vũ và nhiều tài_lẻ khác ... nhưng đáng tiếc , vì sở_hữu vẻ ngoài khác lạ , bà bị biến thành công_cụ để mua vui và dĩ_nhiên , đem lại khoản lợi_nhuận kếch_xù cho những kẻ khác , bao_gồm cả chồng mình .