hải khai nhận , trong quá_trình truy_cập facebook , đối_tượng này đã copy nội_dung bài viết và lưu toàn_bộ hình_ảnh về điện_thoại_di_động . sau đó , hải chỉnh_sửa thành cụm_từ “ tỉnh quảng_bình ” và đăng_tải hình_ảnh cùng bài viết có nội_dung quảng_bình đang lưu_hành 200 tỷ đồng tiền giả mệnh_giá 200.000 đồng lên trang facebook cá_nhân .