liên_quan đến vụ xâm_hại tập_thể nữ_sinh lớp 9 ở thái_bình , chuyên_gia pháp_lý cho rằng , trong trường_hợp chứng_minh được nạn_nhân bị ép giao_cấu trái ý_muốn thì có_thể bị khởi_tố các đối_tượng về tội hiếp_dâm người dưới 16 tuổi . với hành_vi nhiều người hiếp_dâm một người thì hình_phạt cao nhất có_thể là tù chung_thân hoặc tử_hình .