chỉ trong một thời_gian ngắn , trùm ma_tuý văn_kính_dương đã sản_xuất được hàng trăm kg ma_tuý đá . dù hoạt_động tinh_vi , thường_xuyên thay_đổi “ đại_bản_doanh ” sản_xuất ma_tuý nhưng cuối_cùng dương và đồng_bọn cũng bị bắt . cùng bị xét_xử với dương còn có người_tình của gã , là một hotgirl từng hoạt_động trong lĩnh_vực giải_trí .