bất_ngờ kiểm_tra quán karaoke mtv luxury ( rạch_giá ) , công_an tỉnh kiên_giang phát_hiện 130 đối_tượng đang nhảy_múa thác_loạn , bao_cao_su vương_vãi trên sàn nhà . công_an xác_định gần 40 người dương_tính với chất ma_tuý , đồng_thời bắt_giữ gần 10 đối_tượng có hành_vi mua_bán , tàng_trữ trái_phép chất ma_tuý .