lo_sợ khách_hàng rút vốn ồ_ạt , không đảm_bảo tính thanh_khoản của ngân_hàng , nguyên tổng_giám_đốc ngân_hàng đông_á – trần_phương_bình đã đưa ra chủ_trương đồng_thời chỉ_đạo cấp dưới tổ_chức thực_hiện chi lãi ngoài trái quy_định của ngân_hàng nhà_nước . hậu_quả gây thiệt_hại hàng trăm tỷ đồng cho dab .