liên_quan số tiền 4.500 tỷ đồng , hđxx xác_định số tiền này đã nộp vào ngân_hàng cb ( tiền_thân là vncb ) để tăng vốn_điều_lệ . sau khi tiền vào ngân_hàng , không có chứng_cứ hay tài_liệu nào chứng_minh phạm_công_danh đã sử_dụng số tiền này vào mục_đích riêng nên ngân_hàng cb phải chịu trách_nhiệm .