liên_quan đến vụ án_mạng nghiêm_trọng xảy ra ngày 1/4 tại đường tôn_đức_thắng ( phường đông_thành , tp. ninh_bình ) , tại thời_điểm đối_tượng phạm_văn_nghị gây án có rất nhiều người_dân chứng_kiến nhưng không có ai có biểu_hiện tiến lại can_ngăn . thậm_chí , thời_điểm này còn xuất_hiện một người mặc cảnh_phục csgt nhưng người này cũng chỉ dám lại gần đứng nhìn rồi lại quay ra gọi điện_thoại .