tiếc_rẻ vài túi mỳ chính còn thừa sau đám_cưới con_trai , sẵn có cửa_hàng đồ khô , đào_thị_lương mang ra chợ bán . nào_ngờ , vừa mang ra chợ đã có người hỏi mua , thậm_chí là thiếu hàng để bán , lương hớt_hải chạy sang cửa_hàng bên cạnh hỏi mua thêm . đến khi bị bắt , người phụ_nữ này mới biết mình phạm_tội buôn_bán hàng giả .