trong thế_giới phim kinh_dị hiện_đại , khi nhắc đến cái tên bà đồng elise của insidious , ai cũng sẽ nhớ ngay đến hình_ảnh một bà_già yếu_ớt chuyên đi giúp người chống lại sự “ ám_mị ” của thế_giới bên kia . nhưng , ít ai biết được rằng , lin_shaye – nữ diễn_viên vào vai elise trong loạt phim insidious , đã gắn_bó cả đời với dòng phim kinh_dị với gần 100 lần đối_đầu sự tà_ác trên màn_ảnh rộng .