trái_ngược với không_khí rộn_ràng ở quê_nhà , ít ai thấu được cảm_giác bồi_hồi , nhớ_nhung của các kiều_bào khi đón tết nơi xứ người . 16 năm xa việt_nam , đón tết nơi đất khách quê người , thấm_thía nỗi_buồn , nỗi nhớ vào thời_khắc chuyển_giao năm mới , nên các nghệ_sĩ hải_ngoại như bằng_kiều , thu_phương càng trân_trọng ngày tết_nguyên_đán .