sự_việc chương_trình táo_quân 2018 bị cho là có những từ_ngữ xúc_phạm đến cộng_đồng lgbt - tên viết tắt của những người đồng_tính luyến ái_nữ ( lesbian ) , đồng_tính luyến ái nam ( gay ) , song tính luyến_ái ( bisexual ) vàngười chuyển giới ( transgender ) đang khiến dư_luận dậy sóng , đặc_biệt là cộng_đồng lgbt .