tin_tức giải_trí nổi_bật ngày 30/6 : bị lâm_khánh_chi bỏ_bê chuyện chăn_gối , chồng trẻ tiết_lộ lý_do gây sốc , ồn_ào sau ly_hôn vẫn chưa hết , việt_anh " hồn_nhiên " đi du_lịch cùng tình cũ quế_vân , hoa_hậu diễm_hương khoe ảnh nắm tay người đàn_ông giấu mặt giữa tin_đồn ly_hôn người chồng thứ hai ...