hành_trình chạm đến vương_miện của hương_giang được coi là nguồn cảm_hứng cho nhiều người . tuy_nhiên , không phải người đẹp nào cũng “ rung được chuông ” ngay từ lần đầu_tiên . nguyễn_thị_loan , phạm_hương , h ’ ăng niê … là những mỹ_nhân việt đã dành cả thanh_xuân để chinh_phục chiếc vương_miện hoa_hậu .