mc ngọc_trang và lê_thảo_linh ( lin_jay ) từng được xem là một cặp đôi đồng_tính đẹp của cộng_đồng lgbt ( đồng_tính , song tính , chuyển giới ) . tuy_nhiên sau 3 năm sống chung , họ thông_báo " đường ai_nấy đi " trước sự tiếc_nuối của nhiều người . ngọc_trang đã có buổi trò_chuyện thẳng_thắn với pv .