đêm trao giải âm_nhạc cống_hiến lần thứ 14 đã diễn ra trong khán phòng ấm_cúng tại nhà_hát tp. hồ_chí_minh đêm qua . với tâm_huyết của tổng đạo_diễn hoàng_nhật_nam và giám_đốc âm_nhạc hồ_hoài_anh , đêm trao giải đã thành_công khi dẫn_dắt khán_giả đắm_chìm trong không_gian sâu_lắng của sự kết_hợp giữa âm_nhạc và các chất_liệu điện_ảnh lồng_ghép hội_hoạ .