sau khi giành chiến_thắng ngoạn_mục tại cuộc thi nhan_sắc hoa_hậu phụ_nữ toàn thế_giới 2018 , dương_thuỳ_linh trở_thành cái tên được săn_đón và cùng với đó là những lời đồn_thổi . trả_lời pv về tin_đồn chồng là đại_gia “ giàu nứt đố đổ vách ” , hoa_hậu dương_thuỳ_linh đã có những chia_sẻ thắng_thắn .