được lực_lượng jaysh_al - izza hậu_thuẫn , phiến quân hay ’ at tahrir_al - sham bắt_đầu cuộc tấn_công vào lực_lượng quân_đội syria bằng các đợt đánh bom vào thị_trấn jalmeh từ các vị_trí của chúng gần jibeen . tuy_nhiên , cuộc tấn_công của phiến quân vào jalmeh thất_bại do sự phòng_thủ chặt_chẽ của lực_lượng quân_đội syria ở phía tây và tây_bắc thị_trấn .