ngay sau khi thoát hiểm xuống đất bằng cầu_trượt phao an_toàn , cơ_phó kuznetsov đã bất_chấp sự ngăn_cản của các nhân_viên cứu_hộ và trèo ngược trở_lại máy_bay sukhoi_superjet của nga đang bốc cháy ngùn_ngụt vì nhận_ra cơ_trưởng denis_evdokimov cùng nhiều tài_liệu quan_trọng của chuyến bay vẫn ở trong buồng_lái .