với nhiều nước trên thế_giới , xe đưa_đón học_sinh luôn là phương_tiện giao_thông an_toàn nhất trên đường và được thiết_kế để có_thể bảo_vệ tuyệt_đối những đứa trẻ . những chiếc school bus này luôn nhắc_nhở người đi đường hãy dành ưu_tiên số 1 cho các em học_sinh và những người_quản_lý học_sinh không_thể quên học_trò của mình trên xe .