tổng_thống nga_putin cho rằng , moscow dự_kiến sẽ triển_khai tên_lửa_đạn_đạo liên lục_địa sarmat vào năm 2020 và tên_lửa siêu_âm mang đầu đạn hạt_nhân avangard trong năm 2019 . tình_báo mỹ thừa_nhận , các lá_chắn phòng_thủ của nước này sẽ bất_lực trước các vũ_khí tốc_độ siêu cao mà nga đang phát_triển .