dù liên_tiếp chịu các lệnh trừng_phạt từ phương tây , nhưng những năm gần đây nga đã thu được nhiều thành_tựu cả về kinh_tế lẫn vị_thế trong chính_trường thế_giới . theo chia_sẻ của tổng_thống nga_putin , sở_dĩ moscow có được điều này là nhờ vào chiến_lược đối_ngoại và thu_hút hợp_tác rất linh_động .