tuần trước , trong một động_thái gây bất_ngờ , những người sáng_lập của nhóm new_california đã đọc bản tuyên_ngôn độc_lập nhằm tách bang california ( mỹ ) thành hai phần để thành_lập một bang mới . liệu chính_quyền mỹ có chấp_nhận những động_thái của nhóm sáng_lập trên và chào_đón một bang mới của đất_nước ?