cuộc đào thoát khỏi đất_nước của nữ cựu thủ_tướng yingluck_shinawatra đã làm chao_đảo chính_trường thái_lan nhiều ngày qua . giới quan_sát lý_giải , với tính_chất của một chính_quyền quân_sự , sẽ rất khó cho bà yingluck có_thể rời bỏ đất_nước mà không có sự giúp_đỡ của một nhân_vật có quyền_lực nào đó .