những ngày qua , ý_kiến dùng lu để chống ngập của đại_biểu phan_thị_hồng_xuân ( phó chủ_tịch kiêm tổng_thư_kí hội dân_tộc_học - nhân_học tp hcm ) đã gây xôn_xao dư_luận dù theo bà hồng_xuân đây là kinh_nghiệm được nhật_bản , philippines sử_dụng . thực_tế , các nước trên thế_giới cũng có nhiều cách độc_đáo để chống ngập hiệu_quả .