một chìa_khoá quan_trọng làm nên sức_mạnh của quân_đội triều_tiên đó chính là kỹ_năng tác_chiến của quân_nhân . từ một lực_lượng có nhiệm_vụ tấn_công vào hàng_ngũ của quân địch , đến nay , lực_lượng đặc_nhiệm triều_tiên đã phát_triển trở_thành một lực_lượng tác_chiến đặc_biệt tinh_nhuệ và thiện_chiến .