lực_lượng người kurd_syria hôm 19/3 đã lên_tiếng chỉ_trích “ những ngôn_từ đầy tính đe_doạ ” của bộ_trưởng quốc_phòng syria , tướng ali_abdullah_ayoub . ông ayoub khẳng_định chính_phủ syria sẽ chiếm lại tất_cả các khu_vực đang nằm dưới sự kiểm_soát của lực_lượng dân_chủ syria ( sdf ) thông_qua một “ thoả_thuận hoà_giải ” hoặc “ bằng vũ_lực ” .