cứu người trong cơn hoạn_nạn là một nghĩa_cử cao_đẹp , chẳng bởi thế_mà mọi người thường gọi những “ vị anh_hùng ” đó là những “ lục_vân_tiên ” giữa đời_thường . họ xứng_đáng được ngợi_ca và tôn_vinh . tuy_nhiên không phải câu_chuyện nào cũng đều có kết_quả tốt_đẹp . có những cái kết lại khiến mọi người e_ngại và cân_nhắc hơn khi muốn ra_tay làm chuyện nghĩa_hiệp .