“ cháu có người_yêu chưa ? ” , “ bao_giờ lấy vợ ? ” , “ lương tháng bao_nhiêu ? ” , ... đây chỉ là một_số trong chuỗi câu_hỏi quen_thuộc mà các bạn trẻ nghe được mỗi dịp tết đến xuân về . về cơ_bản chúng chỉ là những câu_hỏi vô_thưởng vô phạt , vậy lý_do vì_sao nhiều bạn lại cảm_thấy khó_chịu và bức_xúc đến mức năm nào cũng phải đăng vài dòng trạng_thái kêu than như bị xúc_phạm danh_dự vậy ?