khoảnh_khắc chiến_sĩ cảnh_sát cơ_động ( cscđ ) nở nụ_cười tươi_rói giữa đêm sau khi đã ngăn_chặn được các hành_vi phá_rối của những kẻ quá_khích tại bình_thuận vừa_qua đã trở_thành nguồn cảm_hứng sáng_tác , bày_tỏ lòng biết_ơn của nhiều người_dân việt_nam đối_với các chiến_sĩ cảnh_sát cơ_động nói_riêng và lực_lượng công_an nhân_dân nói_chung .