lts : trước diễn_biến phức_tạp của tệ_nạn mại_dâm và sự thay_đổi của hệ_thống pháp_luật , pháp_lệnh phòng , chống mại_dâm năm 2003 đã bộc_lộ những hạn_chế nhất_định . câu_hỏi “ có nên công_nhận mại_dâm là một nghề ? ” đang gây nóng nhiều diễn_đàn thảo_luận . báo người đưa tin xin đăng_tải ý_kiến của một bạn_đọc - ths phạm_văn_chung ( trưởng_phòng bổ_trợ tư_pháp , sở tư_pháp tỉnh kon_tum ) về vấn_đề trên .