liên_quan đến việc ông lê_văn_hiểu , phó chủ_tịch ubnd tỉnh sóc_trăng thông_tin đoàn cán_bộ về hưu đi nước_ngoài học_tập do đại_gia xăng_dầu trịnh_sướng tài_trợ và có phó bí_thư thường_trực tỉnh_uỷ sóc_trăng làm trưởng_đoàn , ông triệu_công_tính – chánh_văn_phòng tỉnh_uỷ sóc_trăng phủ_nhận thông_tin này .