sau những thành_công vang_dội mà đtqg việt_nam làm được năm 2018 , một loạt cầu_thủ đã xuất_ngoại tìm “ bến đỗ ” mới trong sự_nghiệp của mình . không hiểu sao , trong số cầu_thủ xuất_ngoại : văn_lâm , xuân_trường , công_phượng , tôi đặc_biệt suy_nghĩ và có nhiều cảm_xúc về trường_hợp của công_phượng …