“ biệt phủ ” yên_bái sau nửa năm ầm_ĩ đã tạm đến đoạn kết . việc xử_lý các cá_nhân liên_quan đã được ubnd tỉnh yên_bái thực_hiện . dù gì , toà ngang , dãy dọc nhà ông phạm_sỹ_quý vẫn tồn_tại . chức tước mất tí_ti nhưng tài_sản của gia_đình ông vẫn không hề_hấn gì . còn dư_luận vẫn mãi đau_đáu câu_hỏi lớn không lời đáp .