câu_chuyện về mức phạt 200.000 đồng đối_với hành_vi xâm_phạm danh_dự , nhân_phẩm của phụ_nữ theo điểm a , khoản 1 , điều 5 , nghị_định 167/2013/nđ-cp , mặc_dù đã lắng xuống - nhưng sau nhiều bàn_cãi , nhiều ý_kiến đa_chiều , thậm_chí là với những ngôn_ngữ mỉa_mai – thì điều đọng lại vẫn chỉ là “ pháp_luật việt_nam còn nhiều thiếu_sót ” ( ! )