cứ mỗi tháng 8 về , dân_tình lại nô_nức kéo nhau tới sa_pa . đi , để hoà_mình vào thiên_nhiên bất_tận , trên những cung đường thơm mùi lúa mới . đi , để ngắm thung_lũng mường_hoa mộng_mơ và bát_ngát , ngẩn_ngơ trước những triền núi phủ mượt một màu xanh mướt rồi lại óng vàng . một mùa lúa mới đã về tây_bắc …