vừa_qua , tại singapore , tổ_chức xếp_hạng tín_nhiệm hàng_đầu thế_giới a.m . best đã công_bố kết_quả tái_định hạng tín_nhiệm năm 2019 của tổng_công_ty bảo_hiểm bidv ( bic ) . theo đó , a.m . best tiếp_tục khẳng_định xếp_hạng năng_lực tài_chính của bic là b + + ( tốt ) , xếp_hạng năng_lực tổ_chức phát_hành là bbb , triển_vọng nâng hạng là ổn_định .