ngày 31/12/2018 , hệ_thống bán_lẻ của tập_đoàn vingroup ghi dấu_ấn kỷ_lục trong ngành bán_lẻ việt_nam và quốc_tế khi đồng_loạt trong cùng một ngày khai_trương 117 cửa_hàng tiện_lợi tại cả 3 miền bắc – trung – nam . sự_kiện nâng tổng_số vinmart + lên con_số 1.700 cửa_hàng , khẳng_định vị_thế dẫn_đầu của nhà_bán_lẻ số 1 trên thị_trường .