đại_án của nguyễn_đức_kiên và " bộ_sậu " ở ngân_hàng acb đã kết_thúc song dư_âm của nó cho tới ngày hôm_nay vẫn còn đó , thức_tỉnh nhiều cán_bộ ngân_hàng . từ đỉnh_cao sự_nghiệp tới án tù 30 năm quả là không dễ chấp_nhận với " ông bầu tóc bạc " song dù cả thế_giới có quên cái tên nguyễn_đức_kiên thì bên ông vẫn luôn còn " bóng hồng " đẹp nhất .