từ ngàn đời nay hồ_tây luôn_luôn là thắng_cảnh nổi_tiếng của đất hà_thành . vị_trí độc_đắc về phong_thuỷ , nơi hội_tụ tinh_hoa truyền_thống và tín_ngưỡng dân_tộc , nơi quy_tụ truyền_thuyết và thần_thoại hàng nghìn năm , … tất_cả những điều này đã khiến cho hồ_tây trở_thành nơi linh_thiêng của dân_tộc , hội_tụ vượng khí của đất trời hà_nội , nơi đáng sống bậc nhất đất kinh_kỳ thăng_long .