thanh_toán đợt đầu khoảng 2 tỉ đồng trong vòng 3 năm ( tương_ứng 30 % giá_trị căn biệt_thự ) , nhà_đầu_tư có_thể sở_hữu căn biệt_thự đồi “ view ” biển diện_tích 250m2 tại mặt_tiền đường huỳnh_thúc_kháng - trục đường nhiều resort đẹp nhất mũi_né . đây được xem là một gợi_ý đầu_tư hấp_dẫn trong cuộc săn_tìm biển thự biển tầm trung .