phục_vụ nhu_cầu phát_triển mạng bay trong nước và quốc_tế , vietjet sẽ tổ_chức tuyển_dụng tiếp_viên hàng_không trên toàn_quốc ngày 22/3/2018 tại văn_phòng vietjet , 302 kim_mã , ba_đình , hà_nội và ngày 29/3/2018 tại trung_tâm đào_tạo vietjet , tầng 9 , ct plaza , 60a trường_sơn , tân_bình , tphcm .