trong gần 3 thập_kỷ qua , tập_đoàn khaisilk đã ngang_nhiên qua_mặt người tiêu_dùng và các cơ chức_năng để nhập lụa trung_quốc về bán dưới mác " khaisilk - made in vietnam " mà không ai hay_biết . nếu “ đội_ngũ cắt mác ” của khải_silk không bỏ sót chiếc khăn lụa “ tội_đồ ” ấy thì chẳng biết “ cây kim trong bọc ” bao_giờ mới lộ ra .