chủ_đầu_tư tms group dành tặng nhiều phần quà siêu hấp_dẫn nhằm tri ân khách_hàng đã luôn tin_tưởng , ủng_hộ dự_án tms grand_city_phúc_yên . chương_trình bắt_đầu từ ngày 10/07/2018 đến ngày 31/08/2018 với những quà tặng giá_trị như : xe ô tôtô mazda 3 , xe_máy sh 125i , điện_thoại iphone x , 5 chỉ vàng jsc ...