sáng ngày 7/9 , với mong_muốn đem đến cho các em có hoàn_cảnh đặc_biệt một mùa trung_thu ấm_áp và ngập_tràn nụ_cười hạnh_phúc , tập_thể cán_bộ - nhân_viên novaland đã tham_gia thăm_hỏi , sinh_hoạt vui_chơi và tặng quà đến hơn 500 trẻ_em tại các mái ấm tình_thương và trường khuyết_tật tại q. 3 , q. 6 , q. 10 , q. 12 , q. tân_phú , q. bình_thạnh … hàng trăm phần quà bao_gồm bánh và lồng đèn trung_thu , sữa , tập_vở , dụng_cụ học_tập , nhu_yếu_phẩm … đã được trao trực_tiếp đến các em .