không_chỉ sở_hữu vị_trí đắc_địa , thiết_kế hiện_đại , oakwood_residence hà_nội còn được quản_lý , vận_hành theo tiêu_chuẩn của căn_hộ dịch_vụ khách_sạn cao_cấp . đó là lý_do vì_sao chủ_đầu_tư văn_phú – invest mới_đây đã quyết_định lựa_chọn oakwood – nhà_cung_cấp dịch_vụ căn_hộ lớn nhất thế_giới trở_thành đối_tác chiến_lược .