nhân_dịp kỷ_niệm 10 năm triển_khai kênh phân_phối bảo_hiểm qua ngân_hàng ( bancassurance ) , từ nay tới ngày 30/09/2018 , tổng_công_ty bảo_hiểm bidv ( bic ) triển_khai chương_trình khuyến_mại “ tri ân khách_hàng , muôn_vàn quà tặng ” dành tặng cho các khách_hàng mua bảo_hiểm tại các điểm giao_dịch của ngân_hàng tmcp đầu_tư và phát_triển việt_nam ( bidv ) trên toàn_quốc .