ngày 17/6/2019 , vinfast chính_thức tiến_hành bàn_giao fadil cho những khách_hàng đầu_tiên đặt_cọc mua xe , trong một chương_trình có quy_mô lớn nhất từ trước đến nay . sự_kiện đánh_dấu cột mốc những chiếc xe thương_hiệu việt đầu_tiên chính_thức lưu_thông và khẳng_định được chữ tín và chữ_tốc của vinfast với khách_hàng khi giao xe đúng hạn .