nếu là một người hâm_mộ chính_hiệu của bmw , một thương_hiệu xe sang với truyền_thống và lịch_sử lâu_đời bậc nhất đến từ đức , hẳn bạn không còn xa_lạ gì với những giá_trị công_nghệ đi trước thời_đại , góp_phần tạo nên dấu_ấn riêng của bmw trong lòng khách_hàng . điển_hình là những công_nghệ tiên_tiến bậc nhất với chiến_lược tiên_phong “ bmw_efficientdynamics ” .