thay_vì phải trực_tiếp ra ngân_hàng , phải chờ_đợi từ 3-5 ngày sau khi đăng_kí sử_dụng để được nhận mã pin qua đường bưu_điện , giờ_đây , khách_hàng sử_dụng các loại thẻ atm , thẻ_tín_dụng visa / mastercard của tpbank có_thể dùng số điện_thoại đã đăng_ký để gửi yêu_cầu và nhận số pin mới hoặc pin được cấp lại bất_cứ khi nào .