công_ty cp đầu_tư và xây_dựng xuân_mai ( xuân_mai_corp ) tiền_thân là nhà_máy bê_tông tấm lớn xuân_mai do liên_xô giúp_đỡ xây_dựng được thành_lập ngày 29/11/1983 . trải qua hơn 30 năm xây_dựng và phát_triển , công_ty luôn tiên_phong trong công_việc cải_tiến công_nghệ , đến nay xuân_mai đã phát_triển thành một đơn_vị đầu_tư bất_động_sản và nhà_thầu epc uy_tín hoạt_động trên cả nước , là đối_tác tin_cậy của mọi khách_hàng .