để kịp trưng_bày và giới_thiệu tới cộng_đồng biker việt_nam trong sự_kiện bmw motorrad_day sẽ được tổ_chức vào cuối tháng 9/2018 , những mẫu xe r ninet_spezial và k1600 grand_america ( phiên_bản đặc_biệt ) đã được thaco - nhà_phân_phối độc_quyền thương_hiệu bmw motorrad tại thị_trường việt_nam nhập_khẩu với 3 phiên_bản bmw r ninet , r ninet racer , r ninet_pure_spezial và phiên_bản đặc_biệt của k1600 grand_america .