dù được ubnd tp. hà_nội phê_duyệt dự_án từ năm 2004 , thế_nhưng đến nay đã 15 năm , dự_án xây_dựng , mở_rộng tuyến đường lương_định_của ra đường trường_chinh ( dự_án ngõ 102 trường_chinh ) vẫn “ nằm ” trên giấy . điều đáng nói , mới_đây , 1 dự_án trong ngõ 102 này đã bị chủ_tịch ubnd tp. hà_nội “ điểm mặt ” là công_trình sai_phạm và sẽ chuyển hồ_sơ sang cơ_quan công_an điều_tra .