thực_phẩm bẩn tràn_lan là một trong những nguyên_nhân dẫn tới những căn_bệnh nguy_hiểm , lâu_dài có_thể gây ảnh_hưởng tới sức_khoẻ và thậm_chí là đến tính_mạng con_người . người tiêu_dùng ngày_càng lo_lắng đổ_xô đi “ săn ” thực_phẩm sạch . nhưng có một thực_tế là dù bỏ ra số tiền lớn , nhiều người chưa chắc đã mua được thực_phẩm an_toàn , bổ_dưỡng .