vừa công_bố chi 1.359 tỷ đồng thành_lập công_ty_cổ_phần đầu_tư bất_động_sản ttc land_hưng_điền hồi giữa tháng 12/2018 , mới_đây công_ty_cổ_phần địa_ốc sài_gòn thương_tín ( ttc land – mã chứng_khoán : scr ) quyết_định rút vốn_điều_lệ công_ty này xuống còn 300 tỷ đồng , trong đó ttc land chỉ còn góp 186 tỷ đồng .