tiếp_tục giữ vững vị_thế nhà_cung_cấp giải_pháp tổng_thể về cửa_hàng đầu việt_nam và từng bước đưa thương_hiệu vươn tầm quốc_tế , năm 2018 , eurowindow đã phát_huy sức_mạnh nội_lực , đạt mức tăng_trưởng cao . đây là tiền_đề vững_chắc để eurowindow bứt_phá , hoàn_thành các mục_tiêu quan_trọng trong năm 2019 .