ngày 24/9/2017 , tại trung_tâm marketing & nhà mẫu dự_án sun_grand_city_ancora_residence - số 1 đường nguyễn_khoái ( phường_bạch_đằng , quận hai_bà_trưng , hà_nội ) , đại_diện chủ_đầu_tư dự_án , tập_đoàn sun_group sẽ tổ_chức sự_kiện tri ân cư_dân tương_lai với nhiều quà tặng giá_trị và ưu_đãi hấp_dẫn .