sáng 15/12/2018 , lễ trao " bảng xếp_hạng doanh_nghiệp tiêu_biểu vì người lao_động 2018 ” lần thứ 5 với chủ_đề : “ doanh_nghiệp với phúc_lợi cho người lao_động ” được tổ_chức trang_trọng tại cung_văn_hoá lao_động hữu_nghị việt - xô ( hà_nội ) . bac_a_bank vinh_dự là 1 trong 10 đơn_vị được nhận bằng khen của bộ lao_động thương_binh và xã_hội .