trong tháng 3 này , khách_hàng khi mua_sắm các sản_phẩm công_nghệ , điện_máy , điện gia_dụng tại hệ_thống vinpro sẽ được tích_luỹ tối_đa 6 % thẻ vinid hoặc giảm thêm 3 % cho mỗi lần mua_sắm tại viễn_thông_a. đặc_biệt , quý_khách có sinh_nhật trong tháng 3 cũng được tặng quà đến 1 triệu đồng khi mua laptop trên 10 triệu , tặng lên tới 10 triệu khi mua hàng điện_máy .