kế_hoạch tăng vốn thêm 1.000 tỷ đồng của vietbank để đảm_bảo khả_năng hoạt_động , tăng sức cạnh_tranh của ngân_hàng trong bối_cảnh hiện_nay là điều dễ hiểu . tuy_vậy , việc chi_tiêu tới 1.400 tỷ để mua tài_sản của cổ_đông lớn hay để tình_hình kinh_doanh " phú_quý giật_lùi " lại là điều đáng bàn trong đhđcđ ngày 14/4 sắp tới .