black_friday đã đi qua nhưng dư_âm vẫn còn ở lại , vẫn còn những tiếc_nuối khi ai đó vẫn chưa mua được món đồ yêu_thích với mức giá " rẻ như cho " . hiểu được nỗi_niềm khách_hàng cũng như tri_ân những tháng cuối năm , taka việt_nam tiếp_tục tung ra những sản_phẩm siêu khuyến_mãi , những combo siêu hấp_dẫn với mức giá " siêu hời " giúp khách_hàng thoả sức mua_sắm mà không phải lăn_tăn quá nhiều về giá_cả .