nhằm nâng_cao tính bảo_mật trong giao_dịch thanh_toán điện_tử theo quy_định của nhnnvn và tăng_cường trải_nghiệm cho khách_hàng , ngân_hàng tmcp an_bình ( abbank ) chính_thức triển_khai giải_pháp xác_thực an_toàn soft otp cho các giao_dịch tài_chính trên abbank online_banking và ứng_dụng abbank_mobile .