sau khi có lệnh cấm tách thửa , chuyển_đổi mục_đích sử_dụng đất đối_với các lô đất có diện_tích từ 500m2 trở lên và đặc_biệt quốc_hội lùi thời_hạn thông_qua luật đặc_khu , tình_hình sốt đất tại phú_quốc đã có dấu_hiệu lắng xuống . dù vậy , theo ghi_nhận của pv tại điểm tiếp_nhận giải_quyết hồ_sơ về đất_đai của huyện đảo này , người_dân vẫn ùn_ùn kéo đến giao_dịch .