ngay khi vừa_mới ra_mắt , khách_sạn vinpearl_hotel_tây_ninh đã ngay_lập_tức trở_thành điểm đến “ quyến_rũ ” nhất nơi đất_thánh tây_ninh . lần đầu_tiên , người_dân và du_khách đến với miền biên_giới đông_nam_bộ được tiếp_cận với không_gian nghỉ_dưỡng sang_trọng , dịch_vụ đẳng_cấp cùng chuỗi tiện_ích hàng_đầu theo tiêu_chuẩn 5 sao quốc_tế .