tại lễ trao giải bất_động_sản châu_á thái_bình_dương năm 2019 ( asia_pacific_property_awards - appa ) , vincom_center_landmark 81 đã được vinh_danh giải_thưởng “ trung_tâm thương_mại tốt nhất việt_nam ” , đồng_thời lọt vào danh_sách đề_cử của khu_vực tham_gia tranh giải quốc_tế international_property_awards ( ipa ) sẽ diễn ra vào tháng 12 tại london ( anh ) .