từ trung_tuần tháng 6/2018 , hệ_thống bán_lẻ vinmart & vinmart + chính_thức khởi_động chương_trình cộng_đồng “ hành_trình tương_lai_xanh ” . khoảng 6.000 khách_hàng tại hà_nội , đà_nẵng và tp hồ_chí_minh sẽ được đến thăm quan và tìm_hiểu mô_hình nông_trường công_nghệ_cao vineco . chương_trình nhằm lan_toả ý_thức sản_xuất – tiêu_dùng nông_sản sạch tại việt_nam .