lần đầu_tiên tại việt_nam , siêu_thị ảo vinmart ( virtual_store ) chính_thức đi vào hoạt_động ; đồng_thời ứng_dụng mua_sắm ưu_việt scan & được vinmart mở_rộng phạm_vi tới 73 siêu_thị trên cả nước . sự_kiện đánh_dấu bước_ngoặt của vincommerce trong việc tiên_phong ứng_dụng công_nghệ 4.0 vào bán_lẻ , mang tới sự tiện_dụng tối_đa cho người tiêu_dùng .