viện nghiên_cứu bông và phát_triển nông_nghiệp nha_hố , tỉnh ninh_thuận ( trực_thuộc viện khoa nông_nghiệp việt_nam – bộ nông_nghiệp và phát_triển nông_thôn ) đã nghiên_cứu , lai_tạo thành_công một giống nho ăn tươi mới có tên nh 01-152 . hiện_tại , giống nho này đang chuyển_giao trồng thí_điểm và được kỳ_vọng sẽ giúp cho người trồng nho ninh_thuận nâng_cao hiệu_quả kinh_tế cũng như tăng khả_năng cạnh_tranh với các giống nho ăn tươi nhập_khẩu hiện_nay .