ngân_hàng bưu_điện liên_việt ( lienvietpostbank ) và tổng_công_ty bảo_hiểm bảo_việt vừa chính_thức ký thoả_thuận hợp_tác triển_khai các sản_phẩm bảo_hiểm_phi_nhân_thọ . điểm đặc_biệt đáng chú_ý trong hợp_tác giữa hai doanh_nghiệp là sự tiên_phong áp_dụng công_nghệ và ra_mắt sản_phẩm bảo_hiểm sức_khoẻ - bảo_việt_an_gia trực_tuyến đầu_tiên qua kênh ngân_hàng .