không_chỉ được trải_nghiệm những tiện_ích vượt_trội , giúp người dùng tiết_kiệm thời_gian từ các dịch_vụ ngân_hàng điện_tử , trong mùa_hè này , khách_hàng còn có cơ_hội rinh quà cực chất từ pvcombank : tiền_mặt , đồng_hồ samsung_gear s3 classic trị_giá 8 triệu đồng , điện_thoại samsung_galaxy s9 ( 6 4g b ) trị_giá 20 triệu đồng .