thời_tiết đang dần chuyển sang giai_đoạn đầu hè , nhiệt_độ có chiều_hướng tăng dần vào đầu tháng 4/2019. chưa vào dịp cao_điểm của mùa hè , nhiềukhách hàng sử_dụng điện trên địa_bàn thành_phố hà_nội đã “ té_ngửa ” khi nhìn thấy hoá_đơn tiền điện tăng phi_mã . đến hẹn lại lên , chủ_đề hoá_đơn tiền điện lại trở_thành đề_tài bàn_tán của khách_hàng sử_dụng điện .