mua_bán xe_máy phải công_chứng và “ xác_minh tình_trạng hôn_nhân của thân_chủ ” , từ đầu năm đến nay nhiều người mua_bán xe_gắn_máy đã phải làm các thủ_tục như có sự đồng_thuận của vợ_chồng hoặc giấy uỷ_quyền hoặc phải xác_nhận là độc_thân thì mới được phép công_chứng để làm các thủ_tục mua_bán sang_nhượng …