90.000 lượt khách đã đổ về vinpearl_land tại hội_an , phú_quốc và nha_trang chỉ trong 3 ngày đầu khai_trương để tham_gia “ đại_chiến thế_giới nước ” quy_mô “ khủng ” lần đầu xuất_hiện tại việt_nam . lễ_hội “ mát lịm ” và độc_đáo này sẽ diễn ra vào tất_cả các cuối tuần trong mùa hè 2019 , đặc_biệt thu_hút giới trẻ và các gia_đình có con nhỏ .