ngày 15/7 , nhân_dịp kỉ_niệm 59 năm ngày thành_lập ngành du_lịch , tổng_cục du_lịch việt_nam tổ_chức buổi lễ vinh_danh các doanh_nghiệp du_lịch hàng_đầu hiện_nay . tại buổi lễ , tập_đoàn brg đã vinh_dự được trao_tặng nhiều hạng_mục giải_thưởng danh_giá , nhằm tôn_vinh những nỗ_lực đóng_góp tích_cực của tập_đoàn cho ngành du_lịch nước_nhà trong năm qua .