bên cạnh sự tiện_lợi khi giao_dịch trên nền công_nghệ hiện_đại , ngân_hàng điện_tử ( e - banking ) còn giúp khách_hàng bắt kịp xu_hướng tiêu_dùng thời_thượng , đó là không dùng tiền_mặt . thêm vào đó , khách_hàng sẽ có cơ_hội gia_tăng lợi_ích khi sử_dụng sản_phẩm , dịch_vụ từ e - banking của ngân_hàng tmcp đại_chúng việt_nam ( pvcombank ) .