tại quyết_định 476 / qđ - ttg ngày 1/5/2019 , thủ_tướng chính_phủ giao ubnd các tỉnh hà_tĩnh , quảng_bình , quảng_trị , thừa_thiên_huế chỉ_đạo thực_hiện đầu_tư các dự_án “ xây_dựng , nâng_cấp cơ_sở dịch_vụ hậu_cần nghề cá ” và dự_án “ phục_hồi , tái_tạo hệ_sinh_thái thuỷ_sinh và nguồn lợi thuỷ_sản ” sử_dụng khoản tiền bồi_thường của công_ty tnhh gang_thép hưng_nghiệp formosa hà_tĩnh .