chỉ sau vài giờ được phân_công nhiệm_vụ mới , ông đoàn_ngọc_hải đã xin từ_chức phó tổng_giám_đốc tổng_công_ty xây_dựng sài_gòn tnhh một thành_viên . bên hành_lang quốc_hội , nhiều đbqh cũng đã bày_tỏ ý_kiến xoay quanh quyết_định đang gây xôn_xao dư_luận này của nguyên phó chủ_tịch quận 1 , tp. hcm .