có_mặt tại trường thpt giồng ông_tố ( quận 2 , tp. hcm ) , chúng_tôi hết_sức ngạc_nhiên vì trong giờ chào cờ , ngoài nghi_thức như thường_lệ còn là một chuỗi “ hoạt_động trải_nghiệm ” hết_sức thú_vị . trong đó , nhân_vật chính là các em học_sinh , thầy_cô làm công_việc khó_khăn là phân_định thứ_hạng của rất nhiều tài_năng ưu_tú được lựa_chọn trong tổng_số khoảng 1.500 học_sinh .