ông võ_thành_nhân , chủ_tịch hiệp_hội taxi tp. đà_nẵng cho biết , ước_tính , từ khi grab hoạt_động , doanh_thu của taxi truyền_thống tại đây sụt_giảm từ 10 % - 15 % . trong đó , lợi_nhuận của các đơn_vị thành_viên có_thể ảnh_hưởng lên đến 70 % ; có khoảng 30 % - 40 % tài_xế lái_xe tại các đơn_vị nghỉ_việc chuyển sang grab .