hội nghị thượng đỉnh mỹ - triều lần thứ 2 được tổ chức tại việt nam đã khép lại , nhưng những dư_âm về một đất nước thanh bình với ẩm thực phong phú hẳn vẫn còn trong lòng nhiều phóng viên quốc tế . nhiều phóng viên bày tỏ muốn quay lại việt nam để khám phá hết văn hóa ẩm thực vô cùng hấp dẫn .