uỷ_ban kiểm_tra thành_uỷ đà_nẵng cho rằng , nhiều tổ_chức đảng chưa quan_tâm đúng_mức việc thực_hiện kê_khai tài_sản . nhiều đảng_viên không kê_khai tài_sản , thu_nhập thuộc quyền_sở_hữu , sử_dụng của vợ / chồng , các thông_tin kê_khai chưa đầy_đủ , rõ_ràng , chính_xác , nhất_là thông_tin liên_quan đến tài_sản là nhà , đất .