xuất_phát từ thú_vui sưu_tầm đồ vật hình dáng loài vật cầm tinh_ứng với tuổi hợi cùng với cơ_duyên , nhà_sử_học dương_trung_quốc đã sở hữu một bộ sưu_tập ấn_tượng gồm hơn 6.000 tác_phẩm , đồ lưu_niệm , đồ_dùng hình con heo . tại triển lãm , ông trưng bày hơn 1.500 vật phẩm với đa dạng chất liệu , kích thước , màu sắc .