sau khi nhận được thông_tin về sự_việc thầy chủ_nhiệm có nhắn_tin với nữ_sinh lớp 10 , phụ_huynh của em m. rất lo_lắng . nhưng do em chưa bị xâm_hại về thân_thể , mà mới chỉ dừng lại ở những tin nhắn qua_lại nên gia_đình không muốn nghiêm_trọng hoá sự_việc , chỉ mong thầy_giáo nghiêm_túc rút kinh_nghiệm .