sáng nay ( 7/12 ) , tại trụ_sở chính_phủ , thủ_tướng nguyễn_xuân_phúc và thủ_tướng campuchia hun_sen đã có cuộc họp_báo chung sau khi hai bên kết_thúc cuộc hội_đàm . thủ_tướng hun_sen đã lên_tiếng bác_bỏ thông_tin xuyên_tạc về việc “ đang có sự chuẩn_bị để xây_dựng một cơ_sở quân_sự của nước_ngoài trên lãnh_thổ campuchia ” .