tin nóng thời_sự xã_hội ngày 17/7 : công_an tiết_lộ lý_do không khởi_tố vụ án phát_hiện hơn 300 xác thai_nhi ở nhà_máy rác ; xe_khách đối_đầu xe_tải trong đêm ; kết_quả xét_nghiệm thực_phẩm trong vụ ngộ_độc tập_thể sau tiệc đám_cưới ở thừa_thiên - huế ; sử_dụng hình_ảnh người_dân cung_cấp để phạt nguội vi_phạm giao_thông .