trao_đổi về một_số nội_dung liên_quan đến hiệp_định thương_mại tự_do việt_nam - liên_minh châu_âu ( evfta ) , chủ_tịch quốc_hội nguyễn_thị_kim_ngân và chủ_tịch uỷ_ban châu_âu jean - claude_juncker cho_rằng cần sớm thúc_đẩy tiến_trình ký , phê_chuẩn vì hiệp_định này rất quan_trọng , có lợi cho cả việt_nam , eu cùng các nước thành_viên eu .