chợ nhà_xanh - địa_điểm shopping thân_thuộc của giới sinh_viên - bày bán la_liệt mỹ_phẩm cao_cấp . son_dior , chanel , mac được giới_thiệu là hàng nhập từ nước ngoài không qua thuế , không giấy tờ nên giá rẻ 1/3 . những loại son này tại chợ sinh_viên thu hút người mua , đặc biệt là học sinh , sinh_viên và người có thu nhập thấp .