các chuyên_gia cho biết , thuỷ_ngân là kim_loại nặng , rất độc_hại , bên trong mỗi bóng đèn_huỳnh_quang đều chứa một hàm_lượng thuỷ_ngân nhất_định . nếu thuỷ_ngân phát thải ra môi_trường sẽ gây ra mối nguy_hại rất lớn , đặc_biệt khi xâm_nhập vào cơ_thể còn có_thể gây hại cho hệ thần_kinh , nặng hơn là gây bệnh về máu , tuỷ …