những ngày qua , thông_tin về việc ông đinh_bằng_my , hiệu_trưởng trường phổ_thông dân_tộc nội_trú - thcs thanh_sơn ( phú_thọ ) bị bắt để điều_tra , làm rõ hành_vi lạm_dụng tình_dục với hàng chục nam học_sinh của trường đã gây xôn_xao dư_luận . phóng_viên báo người đưa_tin đã có cuộc trao_đổi với học_sinh bị vị hiệu_trưởng này lạm_dụng .