trong phần trả_lời chất_vấn sáng nay ( 31/10 ) , khi nói về quy_định trong dự_thảo , trong đó quy_định , sinh_viên ngành đào_tạo giáo_viên hệ cao_đẳng , trung_cấp chính_quy bán_dâm lần thứ 4 sẽ bị buộc thôi học , bộ_trưởng bộ gd & đt phùng_xuân_nhạ cho_rằng ban soạn_thảo và đặc_biệt là cá_nhân thực_hiện có năng_lực hạn_chế , ý_thức trách_nhiệm kém … tuy_nhiên , câu trả_lời này khiến nhiều đbqh không hài_lòng .