ubnd tỉnh nghệ_an vừa tổ_chức họp_báo tuyên_truyền các hoạt_động kỷ_niệm 50 năm chiến_thắng truông_bồn ( 31/10/1968 – 31/10/2018 ) . tại buổi họp_báo , các đại_biểu đã được nghe rất nhiều ý_kiến đóng_góp của các nhà_báo , phóng_viên để kế_hoạch phối_hợp tổ_chức chương_trình kỷ_niệm 50 năm chiến_thắng truông_bồn được thành_công , ý_nghĩa .