sau một_số vụ tai_nạn giao_thông xe ôtô khách rơi xuống vực ở đèo hải_vân , tổng_cục đường_bộ việt_nam kiến_nghị bộ giao_thông vận_tải làm_việc với các cơ_quan_chức_năng để nghiên_cứu phân_luồng giao_thông , hạn_chế xe_khách tuyến cố_định đường dài , xe_khách giường nằm 2 tầng lên đèo ( chuyển sang lưu_thông qua hầm đường_bộ hải_vân ) .