ngành tuyên_giáo phải chủ_động giúp bộ_chính_trị , ban_bí_thư chỉ_đạo tổ_chức thực_hiện thật tốt nghị_quyết của bộ_chính_trị về tăng_cường bảo_vệ nền_tảng tư_tưởng của đảng , đấu_tranh phản_bác các quan_điểm sai trái thù_địch trong tình_hình mới . đây là vấn_đề có ý_nghĩa đặc_biệt quan_trọng trong tình_hình hiện_nay .