thừa_thiên_huế là tỉnh đầu_tiên thủ_tướng nguyễn_xuân_phúc tới kiểm_tra công_tác chuẩn_bị tết_nguyên_đán kỷ_hợi năm 2019 . các tỉnh_thành khác cũng phải thực_hiện nghiêm chỉ_thị số 34 về việc tăng_cường các biện_pháp bảo_đảm đón tết_nguyên_đán_kỷ_hợi năm 2019 vui_tươi , lành_mạnh , an_toàn , tiết_kiệm mới ban_hành vào tháng 12 vừa_qua .