sáng nay , 26/2 , tới thăm bệnh_viện bạch_mai , một cơ_sở y_tế lớn , bệnh_viện hạng đặc_biệt đầu_tiên và là trung_tâm đào_tạo y_học hàng_đầu của đất_nước , thủ_tướng nguyễn_xuân_phúc bày_tỏ , đội_ngũ y , bác_sĩ , cán_bộ , nhân_viên y_tế chính là những người anh_hùng thầm_lặng , thực_hiện nhiệm_vụ cao_cả .