mới_đây , trên mạng xã_hội xuất_hiện thông_tin tại tỉnh lào_cai xảy ra một vụ tai_nạn hi_hữu , người_nhà nạn_nhân phong_toả hiện_trường đòi bồi_thường 400 triệu đồng mới cho cơ_quan_chức_năng làm nhiệm_vụ khiến dư_luận xôn_xao . để giúp độc_giả có góc nhìn chính_xác nhất , pv báo người đưa_tin đã liên_hệ với công_an tỉnh lào_cai để tìm_hiểu rõ thông_tin .