việc điều_chuyển ông đoàn_ngọc_hải từ phó chủ_tịch ubnd quận 1 , tp hcm sang làm phó tổng_giám_đốc tổng_công_ty xây_dựng sài_gòn tnhh một thành_viên vẫn tiếp_tục khiến dư_luận dậy sóng . bên hành_lang quốc_hội chiều nay , đại_biểu quốc_hội tô_văn_tám ( đoàn kon_tum ) đã có những chia_sẻ thẳng_thắn về công_tác điều_chuyển cán_bộ .