đồng_chí trần_quốc_vượng nhấn_mạnh , đảng_bộ khối các cơ_quan trung_ương cần đặc_biệt coi_trọng việc tự_phê_bình , phê_bình , kiên_quyết đấu_tranh , ngăn_chặn , đẩy_lùi suy_thoái về tư_tưởng chính_trị , đạo_đức , lối_sống ... ; phải là đảng_bộ đi đầu trong việc thực_hiện nghị_quyết trung_ương 4 về xây_dựng , chỉnh_đốn đảng .