không_chỉ tương_ớt và các sản_phẩm của hãng chin - su , trên các kệ hàng siêu_thị lớn như vinmart , big c .. hay các tạp_hoá , cửa_hàng tiện_lợi đều có_mặt rất nhiều các sản_phẩm chỉ dành cho người việt . điều đáng nói , gần_như tất_cả các sản_phẩm này ghi dòng chữ : " dành riêng cho thị_trường việt_nam , không dành cho xuất_khẩu " ?