tin nóng thời_sự xã_hội ngày 30/7 : điểm bất_thường trong vụ đại_gia bị " tố " sàm_sỡ cô_gái trên máy_bay , bộ giáo_dục nói gì về vụ 58 bài thi_trắc_nghiệm bất_thường ở tây_ninh , tung tin " công_ty không có cơm ăn , công_nhân ngất hàng_loạt " tài_khoản facebook bị “ sờ_gáy ” , bà bầu 8 tháng bị chồng đuổi về nhà mẹ đẻ vì mua hàng online .