trong hai ngày 16 và 17/11/2018 , hội luật_gia tp. hà nội đã tổ_chức đại_hội đại biểu lần thứ vii , nhiệm kỳ 2018-2023 , với chủ đề đoàn kết , kỷ cương , đổi mới , phát triển , có nhiệm vụ đánh giá kết quả thực hiện của hội luật gia tp. hà nội lần thứ vi , quyết định phương hướng nhiệm vụ trong nhiệm kỳ mới .