bê_bối nâng điểm thi thpt quốc_gia năm 2018 tại các tỉnh sơn_la , hà_giang , hoà_bình đã tạo nên một làn_sóng phẫn_nộ trong cộng_đồng . là những người vừa trải qua cuộc_thi và theo sát những thông_tin của vụ_việc , sinh_viên năm nhất có suy_nghĩ gì về việc công_khai hay không nên công_khai danh_tính các thí_sinh trong vụ gian_lận điểm thi ?