“ khoảnh khắc cầm lá cờ tổ quốc lên nhận hcv đối với em thật thiêng_liêng , cao quý . em cảm thấy rất tự hào và bỗng liên tưởng tới hình ảnh đội tuyển u23 việt nam cắm lá cờ đỏ sao vàng trên sân thường châu tuyết trắng ” - đó là những chia sẻ rất chân thật mà đầy xúc động của ngô chí kiên , chủ nhân của 1 trong 4 tấm huy_chương vàng ( hcv ) toán tại kỳ thi olympic toán và khoa học quốc tế ( imso ) 2018 .