quy_định mới về thi_tuyển công_chức ; đe_doạ , lăng_mạ nhân_viên hàng_không sẽ bị phạt đến 5 triệu đồng ; thanh_tra toàn_diện việc quản_lý , sử_dụng đất rừng ở huyện sóc_sơn ; thí_điểm thanh_tra chuyên_ngành attp tại 9 địa_phương ... là những thông_tin chỉ_đạo , điều_hành của chính_phủ , thủ_tướng chính_phủ nổi_bật tuần từ 26 - 30/11/2018 .