chiều 5/9 , đại_diện văn_phòng ubnd tp đà_nẵng cho biết , ông trần_huy_đức , chánh thanh_tra thanh_tra tp đà_nẵng đã có kết_luận thanh_tra việc chấp_hành chính_sách , pháp_luật trong công_tác tuyển_dụng , bổ_nhiệm viên_chức tại ubnd quận hải_châu . theo đó , bên cạnh những yếu_tố làm được , đơn_vị này cũng có nhiều hạn_chế , sai_sót .