trước những ý kiến trái chiều gây xôn_xao trên mạng xã hội về việc quản lý chó nuôi bằng phần mềm , gắn chip định vị , chi cục trưởng chi cục thú y hà nội khẳng định chưa đưa ra đề xuất , mới chỉ đang trong giai đoạn nghiên cứu , học hỏi kinh nghiệm từ nước ngoài về giải pháp khống chế bệnh dại .