cuộc thi giáo viên dạy giỏi diễn ra thường xuyên nhằm mục đích đánh giá chất lượng giáo viên để tuyên_dương , khen thưởng . tuy_nhiên , từ nhiều năm nay , cuộc thi đã biến_tướng thành những " sàn_diễn " vụng_về mang tính hình_thức mà người diễn - giáo_viên và học_sinh - đều cảm_thấy bị áp_lực .