" muốn đạt được mục_tiêu thu hồi tài sản nhà nước thì phải nâng_cao chất_lượng các kết_luận thanh_tra , xử_lý sau thanh_tra . làm_sao có chế_tài thật mạnh để đối_tượng được thanh_tra phải chấp_hành " , tổng_thanh_tra chính_phủ huỳnh_phong_tranh bày tỏ trong chương trình dân hỏi - bộ trưởng trả lời tối 15/2 .